Archive member included to satisfy reference by file (symbol)

D:/STMicroelectronics/STM32CubeIDE_1.18.0/STM32CubeIDE/plugins/com.st.stm32cube.ide.mcu.externaltools.gnu-tools-for-stm32.13.3.rel1.win32_1.0.0.202411081344/tools/bin/../lib/gcc/arm-none-eabi/13.3.1/../../../../arm-none-eabi/lib/thumb/v7e-m+fp/hard\libc_nano.a(libc_a-exit.o)
                              D:/STMicroelectronics/STM32CubeIDE_1.18.0/STM32CubeIDE/plugins/com.st.stm32cube.ide.mcu.externaltools.gnu-tools-for-stm32.13.3.rel1.win32_1.0.0.202411081344/tools/bin/../lib/gcc/arm-none-eabi/13.3.1/../../../../arm-none-eabi/lib/thumb/v7e-m+fp/hard/crt0.o (exit)
D:/STMicroelectronics/STM32CubeIDE_1.18.0/STM32CubeIDE/plugins/com.st.stm32cube.ide.mcu.externaltools.gnu-tools-for-stm32.13.3.rel1.win32_1.0.0.202411081344/tools/bin/../lib/gcc/arm-none-eabi/13.3.1/../../../../arm-none-eabi/lib/thumb/v7e-m+fp/hard\libc_nano.a(libc_a-malloc.o)
                              ./Core/ThreadSafe/newlib_lock_glue.o (malloc)
D:/STMicroelectronics/STM32CubeIDE_1.18.0/STM32CubeIDE/plugins/com.st.stm32cube.ide.mcu.externaltools.gnu-tools-for-stm32.13.3.rel1.win32_1.0.0.202411081344/tools/bin/../lib/gcc/arm-none-eabi/13.3.1/../../../../arm-none-eabi/lib/thumb/v7e-m+fp/hard\libc_nano.a(libc_a-mallocr.o)
                              D:/STMicroelectronics/STM32CubeIDE_1.18.0/STM32CubeIDE/plugins/com.st.stm32cube.ide.mcu.externaltools.gnu-tools-for-stm32.13.3.rel1.win32_1.0.0.202411081344/tools/bin/../lib/gcc/arm-none-eabi/13.3.1/../../../../arm-none-eabi/lib/thumb/v7e-m+fp/hard\libc_nano.a(libc_a-malloc.o) (_malloc_r)
D:/STMicroelectronics/STM32CubeIDE_1.18.0/STM32CubeIDE/plugins/com.st.stm32cube.ide.mcu.externaltools.gnu-tools-for-stm32.13.3.rel1.win32_1.0.0.202411081344/tools/bin/../lib/gcc/arm-none-eabi/13.3.1/../../../../arm-none-eabi/lib/thumb/v7e-m+fp/hard\libc_nano.a(libc_a-mlock.o)
                              D:/STMicroelectronics/STM32CubeIDE_1.18.0/STM32CubeIDE/plugins/com.st.stm32cube.ide.mcu.externaltools.gnu-tools-for-stm32.13.3.rel1.win32_1.0.0.202411081344/tools/bin/../lib/gcc/arm-none-eabi/13.3.1/../../../../arm-none-eabi/lib/thumb/v7e-m+fp/hard\libc_nano.a(libc_a-mallocr.o) (__malloc_lock)
D:/STMicroelectronics/STM32CubeIDE_1.18.0/STM32CubeIDE/plugins/com.st.stm32cube.ide.mcu.externaltools.gnu-tools-for-stm32.13.3.rel1.win32_1.0.0.202411081344/tools/bin/../lib/gcc/arm-none-eabi/13.3.1/../../../../arm-none-eabi/lib/thumb/v7e-m+fp/hard\libc_nano.a(libc_a-findfp.o)
                              D:/STMicroelectronics/STM32CubeIDE_1.18.0/STM32CubeIDE/plugins/com.st.stm32cube.ide.mcu.externaltools.gnu-tools-for-stm32.13.3.rel1.win32_1.0.0.202411081344/tools/bin/../lib/gcc/arm-none-eabi/13.3.1/../../../../arm-none-eabi/lib/thumb/v7e-m+fp/hard\libc_nano.a(libc_a-exit.o) (__stdio_exit_handler)
D:/STMicroelectronics/STM32CubeIDE_1.18.0/STM32CubeIDE/plugins/com.st.stm32cube.ide.mcu.externaltools.gnu-tools-for-stm32.13.3.rel1.win32_1.0.0.202411081344/tools/bin/../lib/gcc/arm-none-eabi/13.3.1/../../../../arm-none-eabi/lib/thumb/v7e-m+fp/hard\libc_nano.a(libc_a-fwalk.o)
                              D:/STMicroelectronics/STM32CubeIDE_1.18.0/STM32CubeIDE/plugins/com.st.stm32cube.ide.mcu.externaltools.gnu-tools-for-stm32.13.3.rel1.win32_1.0.0.202411081344/tools/bin/../lib/gcc/arm-none-eabi/13.3.1/../../../../arm-none-eabi/lib/thumb/v7e-m+fp/hard\libc_nano.a(libc_a-findfp.o) (_fwalk_sglue)
D:/STMicroelectronics/STM32CubeIDE_1.18.0/STM32CubeIDE/plugins/com.st.stm32cube.ide.mcu.externaltools.gnu-tools-for-stm32.13.3.rel1.win32_1.0.0.202411081344/tools/bin/../lib/gcc/arm-none-eabi/13.3.1/../../../../arm-none-eabi/lib/thumb/v7e-m+fp/hard\libc_nano.a(libc_a-printf.o)
                              ./Middlewares/ST/STM32_WPAN/utilities/dbg_trace.o (printf)
D:/STMicroelectronics/STM32CubeIDE_1.18.0/STM32CubeIDE/plugins/com.st.stm32cube.ide.mcu.externaltools.gnu-tools-for-stm32.13.3.rel1.win32_1.0.0.202411081344/tools/bin/../lib/gcc/arm-none-eabi/13.3.1/../../../../arm-none-eabi/lib/thumb/v7e-m+fp/hard\libc_nano.a(libc_a-stdio.o)
                              D:/STMicroelectronics/STM32CubeIDE_1.18.0/STM32CubeIDE/plugins/com.st.stm32cube.ide.mcu.externaltools.gnu-tools-for-stm32.13.3.rel1.win32_1.0.0.202411081344/tools/bin/../lib/gcc/arm-none-eabi/13.3.1/../../../../arm-none-eabi/lib/thumb/v7e-m+fp/hard\libc_nano.a(libc_a-findfp.o) (__sread)
D:/STMicroelectronics/STM32CubeIDE_1.18.0/STM32CubeIDE/plugins/com.st.stm32cube.ide.mcu.externaltools.gnu-tools-for-stm32.13.3.rel1.win32_1.0.0.202411081344/tools/bin/../lib/gcc/arm-none-eabi/13.3.1/../../../../arm-none-eabi/lib/thumb/v7e-m+fp/hard\libc_nano.a(libc_a-vprintf.o)
                              ./Middlewares/ST/STM32_WPAN/utilities/dbg_trace.o (vprintf)
[...]
Memory Configuration

Name             Origin             Length             Attributes
FLASH            0x08000000         0x00080000         xr
RAM              0x20000008         0x0002fff8         xrw
RAM_SHARED       0x20030000         0x00002800         xrw
*default*        0x00000000         0xffffffff

Linker script and memory map

LOAD D:/STMicroelectronics/STM32CubeIDE_1.18.0/STM32CubeIDE/plugins/com.st.stm32cube.ide.mcu.externaltools.gnu-tools-for-stm32.13.3.rel1.win32_1.0.0.202411081344/tools/bin/../lib/gcc/arm-none-eabi/13.3.1/thumb/v7e-m+fp/hard/crti.o
LOAD D:/STMicroelectronics/STM32CubeIDE_1.18.0/STM32CubeIDE/plugins/com.st.stm32cube.ide.mcu.externaltools.gnu-tools-for-stm32.13.3.rel1.win32_1.0.0.202411081344/tools/bin/../lib/gcc/arm-none-eabi/13.3.1/thumb/v7e-m+fp/hard/crtbegin.o
LOAD D:/STMicroelectronics/STM32CubeIDE_1.18.0/STM32CubeIDE/plugins/com.st.stm32cube.ide.mcu.externaltools.gnu-tools-for-stm32.13.3.rel1.win32_1.0.0.202411081344/tools/bin/../lib/gcc/arm-none-eabi/13.3.1/../../../../arm-none-eabi/lib/thumb/v7e-m+fp/hard/crt0.o
LOAD ./Core/Src/app_debug.o
LOAD ./Core/Src/app_entry.o
LOAD ./Core/Src/gpio.o
LOAD ./Core/Src/hw_timerserver.o
LOAD ./Core/Src/main.o
LOAD ./Core/Src/memorymap.o
LOAD ./Core/Src/rf.o
LOAD ./Core/Src/rtc.o
LOAD ./Core/Src/stm32_lpm_if.o
LOAD ./Core/Src/stm32wbxx_hal_msp.o
LOAD ./Core/Src/stm32wbxx_it.o
LOAD ./Core/Src/syscalls.o
LOAD ./Core/Src/sysmem.o
LOAD ./Core/Src/system_stm32wbxx.o
LOAD ./Core/Startup/startup_stm32wb5mmghx.o
LOAD ./Core/ThreadSafe/newlib_lock_glue.o
LOAD ./Drivers/STM32WBxx_HAL_Driver/Src/stm32wbxx_hal.o
LOAD ./Drivers/STM32WBxx_HAL_Driver/Src/stm32wbxx_hal_cortex.o
LOAD ./Drivers/STM32WBxx_HAL_Driver/Src/stm32wbxx_hal_dma.o
LOAD ./Drivers/STM32WBxx_HAL_Driver/Src/stm32wbxx_hal_dma_ex.o
LOAD ./Drivers/STM32WBxx_HAL_Driver/Src/stm32wbxx_hal_exti.o
LOAD ./Drivers/STM32WBxx_HAL_Driver/Src/stm32wbxx_hal_flash.o
LOAD ./Drivers/STM32WBxx_HAL_Driver/Src/stm32wbxx_hal_flash_ex.o
LOAD ./Drivers/STM32WBxx_HAL_Driver/Src/stm32wbxx_hal_gpio.o
LOAD ./Drivers/STM32WBxx_HAL_Driver/Src/stm32wbxx_hal_hsem.o
LOAD ./Drivers/STM32WBxx_HAL_Driver/Src/stm32wbxx_hal_pwr.o
LOAD ./Drivers/STM32WBxx_HAL_Driver/Src/stm32wbxx_hal_pwr_ex.o
LOAD ./Drivers/STM32WBxx_HAL_Driver/Src/stm32wbxx_hal_rcc.o
LOAD ./Drivers/STM32WBxx_HAL_Driver/Src/stm32wbxx_hal_rcc_ex.o
LOAD ./Drivers/STM32WBxx_HAL_Driver/Src/stm32wbxx_hal_rtc.o
LOAD ./Drivers/STM32WBxx_HAL_Driver/Src/stm32wbxx_hal_rtc_ex.o
LOAD ./Drivers/STM32WBxx_HAL_Driver/Src/stm32wbxx_ll_rcc.o
LOAD ./Middlewares/ST/STM32_WPAN/ble/core/auto/ble_gap_aci.o
LOAD ./Middlewares/ST/STM32_WPAN/ble/core/auto/ble_gatt_aci.o
LOAD ./Middlewares/ST/STM32_WPAN/ble/core/auto/ble_hal_aci.o
LOAD ./Middlewares/ST/STM32_WPAN/ble/core/auto/ble_hci_le.o
LOAD ./Middlewares/ST/STM32_WPAN/ble/core/auto/ble_l2cap_aci.o
LOAD ./Middlewares/ST/STM32_WPAN/ble/core/template/osal.o
LOAD ./Middlewares/ST/STM32_WPAN/ble/svc/Src/p2p_stm.o
LOAD ./Middlewares/ST/STM32_WPAN/ble/svc/Src/svc_ctl.o
LOAD ./Middlewares/ST/STM32_WPAN/interface/patterns/ble_thread/shci/shci.o
LOAD ./Middlewares/ST/STM32_WPAN/interface/patterns/ble_thread/tl/hci_tl.o
LOAD ./Middlewares/ST/STM32_WPAN/interface/patterns/ble_thread/tl/hci_tl_if.o
LOAD ./Middlewares/ST/STM32_WPAN/interface/patterns/ble_thread/tl/shci_tl.o
LOAD ./Middlewares/ST/STM32_WPAN/interface/patterns/ble_thread/tl/shci_tl_if.o
LOAD ./Middlewares/ST/STM32_WPAN/interface/patterns/ble_thread/tl/tl_mbox.o
LOAD ./Middlewares/ST/STM32_WPAN/utilities/dbg_trace.o
LOAD ./Middlewares/ST/STM32_WPAN/utilities/otp.o
LOAD ./Middlewares/ST/STM32_WPAN/utilities/stm_list.o
LOAD ./Middlewares/ST/STM32_WPAN/utilities/stm_queue.o
LOAD ./STM32_WPAN/App/app_ble.o
LOAD ./STM32_WPAN/App/p2p_server_app.o
LOAD ./STM32_WPAN/Target/hw_ipcc.o
LOAD ./Utilities/lpm/tiny_lpm/stm32_lpm.o
LOAD ./Utilities/sequencer/stm32_seq.o
START GROUP
LOAD D:/STMicroelectronics/STM32CubeIDE_1.18.0/STM32CubeIDE/plugins/com.st.stm32cube.ide.mcu.externaltools.gnu-tools-for-stm32.13.3.rel1.win32_1.0.0.202411081344/tools/bin/../lib/gcc/arm-none-eabi/13.3.1/../../../../arm-none-eabi/lib/thumb/v7e-m+fp/hard\libc_nano.a
LOAD D:/STMicroelectronics/STM32CubeIDE_1.18.0/STM32CubeIDE/plugins/com.st.stm32cube.ide.mcu.externaltools.gnu-tools-for-stm32.13.3.rel1.win32_1.0.0.202411081344/tools/bin/../lib/gcc/arm-none-eabi/13.3.1/../../../../arm-none-eabi/lib/thumb/v7e-m+fp/hard\libm.a
END GROUP
START GROUP
LOAD D:/STMicroelectronics/STM32CubeIDE_1.18.0/STM32CubeIDE/plugins/com.st.stm32cube.ide.mcu.externaltools.gnu-tools-for-stm32.13.3.rel1.win32_1.0.0.202411081344/tools/bin/../lib/gcc/arm-none-eabi/13.3.1/thumb/v7e-m+fp/hard\libgcc.a
LOAD D:/STMicroelectronics/STM32CubeIDE_1.18.0/STM32CubeIDE/plugins/com.st.stm32cube.ide.mcu.externaltools.gnu-tools-for-stm32.13.3.rel1.win32_1.0.0.202411081344/tools/bin/../lib/gcc/arm-none-eabi/13.3.1/../../../../arm-none-eabi/lib/thumb/v7e-m+fp/hard\libc_nano.a
END GROUP
START GROUP
LOAD D:/STMicroelectronics/STM32CubeIDE_1.18.0/STM32CubeIDE/plugins/com.st.stm32cube.ide.mcu.externaltools.gnu-tools-for-stm32.13.3.rel1.win32_1.0.0.202411081344/tools/bin/../lib/gcc/arm-none-eabi/13.3.1/thumb/v7e-m+fp/hard\libgcc.a
LOAD D:/STMicroelectronics/STM32CubeIDE_1.18.0/STM32CubeIDE/plugins/com.st.stm32cube.ide.mcu.externaltools.gnu-tools-for-stm32.13.3.rel1.win32_1.0.0.202411081344/tools/bin/../lib/gcc/arm-none-eabi/13.3.1/../../../../arm-none-eabi/lib/thumb/v7e-m+fp/hard\libc_nano.a
LOAD D:/STMicroelectronics/STM32CubeIDE_1.18.0/STM32CubeIDE/plugins/com.st.stm32cube.ide.mcu.externaltools.gnu-tools-for-stm32.13.3.rel1.win32_1.0.0.202411081344/tools/bin/../lib/gcc/arm-none-eabi/13.3.1/../../../../arm-none-eabi/lib/thumb/v7e-m+fp/hard\libnosys.a
END GROUP
START GROUP
LOAD D:/STMicroelectronics/STM32CubeIDE_1.18.0/STM32CubeIDE/plugins/com.st.stm32cube.ide.mcu.externaltools.gnu-tools-for-stm32.13.3.rel1.win32_1.0.0.202411081344/tools/bin/../lib/gcc/arm-none-eabi/13.3.1/thumb/v7e-m+fp/hard\libgcc.a
LOAD D:/STMicroelectronics/STM32CubeIDE_1.18.0/STM32CubeIDE/plugins/com.st.stm32cube.ide.mcu.externaltools.gnu-tools-for-stm32.13.3.rel1.win32_1.0.0.202411081344/tools/bin/../lib/gcc/arm-none-eabi/13.3.1/../../../../arm-none-eabi/lib/thumb/v7e-m+fp/hard\libc_nano.a
LOAD D:/STMicroelectronics/STM32CubeIDE_1.18.0/STM32CubeIDE/plugins/com.st.stm32cube.ide.mcu.externaltools.gnu-tools-for-stm32.13.3.rel1.win32_1.0.0.202411081344/tools/bin/../lib/gcc/arm-none-eabi/13.3.1/../../../../arm-none-eabi/lib/thumb/v7e-m+fp/hard\libnosys.a
END GROUP
LOAD D:/STMicroelectronics/STM32CubeIDE_1.18.0/STM32CubeIDE/plugins/com.st.stm32cube.ide.mcu.externaltools.gnu-tools-for-stm32.13.3.rel1.win32_1.0.0.202411081344/tools/bin/../lib/gcc/arm-none-eabi/13.3.1/thumb/v7e-m+fp/hard/crtend.o
LOAD D:/STMicroelectronics/STM32CubeIDE_1.18.0/STM32CubeIDE/plugins/com.st.stm32cube.ide.mcu.externaltools.gnu-tools-for-stm32.13.3.rel1.win32_1.0.0.202411081344/tools/bin/../lib/gcc/arm-none-eabi/13.3.1/thumb/v7e-m+fp/hard/crtn.o
                0x20030000                        _estack = (ORIGIN (RAM) + LENGTH (RAM))
                0x00000200                        _Min_Heap_Size = 0x200
                0x00000400                        _Min_Stack_Size = 0x400

.isr_vector     0x08000000      0x13c
                0x08000000                        . = ALIGN (0x4)
 *(.isr_vector)
 .isr_vector    0x08000000      0x13c ./Core/Startup/startup_stm32wb5mmghx.o
                0x08000000                g_pfnVectors
                0x0800013c                        . = ALIGN (0x4)

.text           0x0800013c     0x7ea4
                0x0800013c                        . = ALIGN (0x4)
 *(.text)
 .text          0x0800013c       0x40 D:/STMicroelectronics/STM32CubeIDE_1.18.0/STM32CubeIDE/plugins/com.st.stm32cube.ide.mcu.externaltools.gnu-tools-for-stm32.13.3.rel1.win32_1.0.0.202411081344/tools/bin/../lib/gcc/arm-none-eabi/13.3.1/thumb/v7e-m+fp/hard/crtbegin.o
 .text          0x0800017c       0x10 D:/STMicroelectronics/STM32CubeIDE_1.18.0/STM32CubeIDE/plugins/com.st.stm32cube.ide.mcu.externaltools.gnu-tools-for-stm32.13.3.rel1.win32_1.0.0.202411081344/tools/bin/../lib/gcc/arm-none-eabi/13.3.1/../../../../arm-none-eabi/lib/thumb/v7e-m+fp/hard\libc_nano.a(libc_a-strlen.o)
                0x0800017c                strlen
 *(.text*)
 .text.APPD_EnableCPU2
                0x0800018c       0x38 ./Core/Src/app_debug.o
                0x0800018c                APPD_EnableCPU2
 .text.LL_C2_PWR_SetPowerMode
                0x080001c4       0x2c ./Core/Src/app_entry.o
 .text.LL_EXTI_EnableIT_32_63
                0x080001f0       0x28 ./Core/Src/app_entry.o
 .text.LL_RCC_HSE_SetCapacitorTuning
                0x08000218       0x3c ./Core/Src/app_entry.o
 .text.LL_RCC_SetClkAfterWakeFromStop
                0x08000254       0x28 ./Core/Src/app_entry.o
 .text.LL_DBGMCU_GetDeviceID
                0x0800027c       0x1c ./Core/Src/app_entry.o
 .text.LL_DBGMCU_GetRevisionID
                0x08000298       0x1c ./Core/Src/app_entry.o
 .text.LL_RTC_EnableWriteProtection
                0x080002b4       0x1a ./Core/Src/app_entry.o
 .text.LL_RTC_DisableWriteProtection
                0x080002ce       0x20 ./Core/Src/app_entry.o
 .text.LL_RTC_WAKEUP_SetClock
                0x080002ee       0x26 ./Core/Src/app_entry.o
 .text.MX_APPE_Config
                0x08000314       0x1c ./Core/Src/app_entry.o
                0x08000314                MX_APPE_Config
 .text.MX_APPE_Init
                0x08000330       0x20 ./Core/Src/app_entry.o
                0x08000330                MX_APPE_Init
 .text.Init_Smps
                0x08000350        0xe ./Core/Src/app_entry.o
                0x08000350                Init_Smps
 .text.Init_Exti
                0x0800035e        0xe ./Core/Src/app_entry.o
                0x0800035e                Init_Exti
 .text.Reset_Device
                0x0800036c        0xe ./Core/Src/app_entry.o
 .text.Config_HSE
                0x0800037a       0x28 ./Core/Src/app_entry.o
 .text.System_Init
                0x080003a2       0x14 ./Core/Src/app_entry.o
 *fill*         0x080003b6        0x2 
 .text.Init_Rtc
                0x080003b8       0x20 ./Core/Src/app_entry.o
 .text.SystemPower_Config
                0x080003d8       0x1a ./Core/Src/app_entry.o
 *fill*         0x080003f2        0x2 
 .text.appe_Tl_Init
                0x080003f4       0x6c ./Core/Src/app_entry.o
 .text.APPE_SysStatusNot
                0x08000460       0x16 ./Core/Src/app_entry.o
 *fill*         0x08000476        0x2 
 .text.APPE_SysUserEvtRx
                0x08000478       0x68 ./Core/Src/app_entry.o
 .text.APPE_SysEvtError
                0x080004e0       0x22 ./Core/Src/app_entry.o
 .text.APPE_SysEvtReadyProcessing
                0x08000502       0x88 ./Core/Src/app_entry.o
 .text.MX_APPE_Process
                0x0800058a       0x10 ./Core/Src/app_entry.o
                0x0800058a                MX_APPE_Process
 .text.UTIL_SEQ_Idle
                0x0800059a        0xe ./Core/Src/app_entry.o
                0x0800059a                UTIL_SEQ_Idle
 .text.shci_notify_asynch_evt
                0x080005a8       0x18 ./Core/Src/app_entry.o
                0x080005a8                shci_notify_asynch_evt
 .text.shci_cmd_resp_release
                0x080005c0       0x16 ./Core/Src/app_entry.o
                0x080005c0                shci_cmd_resp_release
 .text.shci_cmd_resp_wait
                0x080005d6       0x16 ./Core/Src/app_entry.o
                0x080005d6                shci_cmd_resp_wait
 .text.LL_AHB2_GRP1_EnableClock
                0x080005ec       0x32 ./Core/Src/gpio.o
 *fill*         0x0800061e        0x2 
 .text.MX_GPIO_Init
                0x08000620       0x54 ./Core/Src/gpio.o
                0x08000620                MX_GPIO_Init
 .text.LL_EXTI_EnableIT_0_31
                0x08000674       0x28 ./Core/Src/hw_timerserver.o
 .text.LL_EXTI_EnableRisingTrig_0_31
                0x0800069c       0x24 ./Core/Src/hw_timerserver.o
 .text.ReadRtcSsrValue
                0x080006c0       0x40 ./Core/Src/hw_timerserver.o
 .text.LinkTimerAfter
                0x08000700       0x8c ./Core/Src/hw_timerserver.o
 .text.LinkTimerBefore
                0x0800078c       0xc0 ./Core/Src/hw_timerserver.o
 .text.linkTimer
                0x0800084c      0x154 ./Core/Src/hw_timerserver.o
 .text.UnlinkTimer
                0x080009a0      0x108 ./Core/Src/hw_timerserver.o
 .text.ReturnTimeElapsed
                0x08000aa8       0x80 ./Core/Src/hw_timerserver.o
 .text.RestartWakeupCounter
                0x08000b28       0xb0 ./Core/Src/hw_timerserver.o
 .text.RescheduleTimerList
                0x08000bd8      0x134 ./Core/Src/hw_timerserver.o
 .text.HW_TS_RTC_Wakeup_Handler
                0x08000d0c      0x190 ./Core/Src/hw_timerserver.o
                0x08000d0c                HW_TS_RTC_Wakeup_Handler
 .text.HW_TS_Init
                0x08000e9c      0x1b4 ./Core/Src/hw_timerserver.o
                0x08000e9c                HW_TS_Init
 .text.HW_TS_Create
                0x08001050       0xf4 ./Core/Src/hw_timerserver.o
                0x08001050                HW_TS_Create
 .text.HW_TS_Stop
                0x08001144      0x108 ./Core/Src/hw_timerserver.o
                0x08001144                HW_TS_Stop
 .text.HW_TS_Start
                0x0800124c      0x10c ./Core/Src/hw_timerserver.o
                0x0800124c                HW_TS_Start
 .text.HW_TS_RTC_Int_AppNot
                0x08001358       0x1a ./Core/Src/hw_timerserver.o
                0x08001358                HW_TS_RTC_Int_AppNot
 .text.LL_RCC_LSE_SetDriveCapability
                0x08001372       0x2c ./Core/Src/main.o
 *fill*         0x0800139e        0x2 
 .text.main     0x080013a0       0x44 ./Core/Src/main.o
                0x080013a0                main
 .text.SystemClock_Config
                0x080013e4       0xb8 ./Core/Src/main.o
                0x080013e4                SystemClock_Config
 .text.PeriphCommonClock_Config
                0x0800149c       0x40 ./Core/Src/main.o
                0x0800149c                PeriphCommonClock_Config
 .text.Error_Handler
                0x080014dc        0xc ./Core/Src/main.o
                0x080014dc                Error_Handler
 .text.assert_failed
                0x080014e8       0x16 ./Core/Src/main.o
                0x080014e8                assert_failed
 .text.MX_RF_Init
                0x080014fe        0xe ./Core/Src/rf.o
                0x080014fe                MX_RF_Init
 .text.LL_RCC_EnableRTC
                0x0800150c       0x22 ./Core/Src/rtc.o
 .text.LL_APB1_GRP1_EnableClock
                0x0800152e       0x32 ./Core/Src/rtc.o
 .text.MX_RTC_Init
                0x08001560       0x54 ./Core/Src/rtc.o
                0x08001560                MX_RTC_Init
 .text.HAL_RTC_MspInit
                0x080015b4       0x58 ./Core/Src/rtc.o
                0x080015b4                HAL_RTC_MspInit
 .text.LL_AHB3_GRP1_EnableClock
                0x0800160c       0x32 ./Core/Src/stm32wbxx_hal_msp.o
 .text.HAL_MspInit
                0x0800163e       0x20 ./Core/Src/stm32wbxx_hal_msp.o
                0x0800163e                HAL_MspInit
 .text.NMI_Handler
                0x0800165e        0x8 ./Core/Src/stm32wbxx_it.o
                0x0800165e                NMI_Handler
 .text.HardFault_Handler
                0x08001666        0x8 ./Core/Src/stm32wbxx_it.o
                0x08001666                HardFault_Handler
 .text.MemManage_Handler
                0x0800166e        0x8 ./Core/Src/stm32wbxx_it.o
                0x0800166e                MemManage_Handler
 .text.BusFault_Handler
                0x08001676        0x8 ./Core/Src/stm32wbxx_it.o
                0x08001676                BusFault_Handler
 .text.UsageFault_Handler
                0x0800167e        0x8 ./Core/Src/stm32wbxx_it.o
                0x0800167e                UsageFault_Handler
 .text.SVC_Handler
                0x08001686        0xe ./Core/Src/stm32wbxx_it.o
                0x08001686                SVC_Handler
 .text.DebugMon_Handler
                0x08001694        0xe ./Core/Src/stm32wbxx_it.o
                0x08001694                DebugMon_Handler
 .text.PendSV_Handler
                0x080016a2        0xe ./Core/Src/stm32wbxx_it.o
                0x080016a2                PendSV_Handler
 .text.SysTick_Handler
                0x080016b0        0xc ./Core/Src/stm32wbxx_it.o
                0x080016b0                SysTick_Handler
 .text.HSEM_IRQHandler
                0x080016bc        0xc ./Core/Src/stm32wbxx_it.o
                0x080016bc                HSEM_IRQHandler
 .text.RTC_WKUP_IRQHandler
                0x080016c8        0xc ./Core/Src/stm32wbxx_it.o
                0x080016c8                RTC_WKUP_IRQHandler
 .text.IPCC_C1_RX_IRQHandler
                0x080016d4        0xc ./Core/Src/stm32wbxx_it.o
                0x080016d4                IPCC_C1_RX_IRQHandler
 .text.IPCC_C1_TX_IRQHandler
                0x080016e0        0xc ./Core/Src/stm32wbxx_it.o
                0x080016e0                IPCC_C1_TX_IRQHandler
 .text.SystemInit
                0x080016ec       0xa4 ./Core/Src/system_stm32wbxx.o
                0x080016ec                SystemInit
 .text.data_initializers
                0x08001790       0x18 ./Core/Startup/startup_stm32wb5mmghx.o
 .text.Reset_Handler
                0x080017a8       0x58 ./Core/Startup/startup_stm32wb5mmghx.o
                0x080017a8                Reset_Handler
 .text.Default_Handler
                0x08001800        0x2 ./Core/Startup/startup_stm32wb5mmghx.o
                0x08001800                RTC_Alarm_IRQHandler
                0x08001800                EXTI2_IRQHandler
                0x08001800                TIM1_CC_IRQHandler
                0x08001800                TSC_IRQHandler
                0x08001800                USB_HP_IRQHandler
                0x08001800                EXTI3_IRQHandler
                0x08001800                LPTIM2_IRQHandler
                0x08001800                I2C3_ER_IRQHandler
                0x08001800                EXTI0_IRQHandler
                0x08001800                FPU_IRQHandler
                0x08001800                TIM1_UP_TIM16_IRQHandler
                0x08001800                AES1_IRQHandler
                0x08001800                SPI1_IRQHandler
                0x08001800                PWR_SOTF_BLEACT_802ACT_RFPHASE_IRQHandler
                0x08001800                DMA2_Channel2_IRQHandler
                0x08001800                DMA1_Channel4_IRQHandler
                0x08001800                ADC1_IRQHandler
                0x08001800                PKA_IRQHandler
                0x08001800                DMA1_Channel7_IRQHandler
                0x08001800                LCD_IRQHandler
                0x08001800                DMA2_Channel1_IRQHandler
                0x08001800                QUADSPI_IRQHandler
                0x08001800                I2C1_EV_IRQHandler
                0x08001800                DMAMUX1_OVR_IRQHandler
                0x08001800                DMA1_Channel6_IRQHandler
                0x08001800                DMA2_Channel4_IRQHandler
                0x08001800                RCC_IRQHandler
                0x08001800                DMA1_Channel1_IRQHandler
                0x08001800                Default_Handler
                0x08001800                DMA2_Channel7_IRQHandler
                0x08001800                EXTI15_10_IRQHandler
                0x08001800                C2SEV_PWR_C2H_IRQHandler
                0x08001800                AES2_IRQHandler
                0x08001800                I2C3_EV_IRQHandler
                0x08001800                EXTI9_5_IRQHandler
                0x08001800                PVD_PVM_IRQHandler
                0x08001800                SPI2_IRQHandler
                0x08001800                DMA2_Channel5_IRQHandler
                0x08001800                CRS_IRQHandler
                0x08001800                DMA1_Channel5_IRQHandler
                0x08001800                USB_LP_IRQHandler
                0x08001800                EXTI4_IRQHandler
                0x08001800                RNG_IRQHandler
                0x08001800                TIM1_TRG_COM_TIM17_IRQHandler
                0x08001800                TAMP_STAMP_LSECSS_IRQHandler
                0x08001800                DMA1_Channel3_IRQHandler
                0x08001800                COMP_IRQHandler
                0x08001800                WWDG_IRQHandler
                0x08001800                LPUART1_IRQHandler
                0x08001800                DMA2_Channel6_IRQHandler
                0x08001800                TIM2_IRQHandler
                0x08001800                TIM1_BRK_IRQHandler
                0x08001800                EXTI1_IRQHandler
                0x08001800                DMA1_Channel2_IRQHandler
                0x08001800                FLASH_IRQHandler
                0x08001800                USART1_IRQHandler
                0x08001800                I2C1_ER_IRQHandler
                0x08001800                LPTIM1_IRQHandler
                0x08001800                SAI1_IRQHandler
                0x08001800                DMA2_Channel3_IRQHandler
 *fill*         0x08001802        0x2 
 .text.HAL_Init
                0x08001804       0x40 ./Drivers/STM32WBxx_HAL_Driver/Src/stm32wbxx_hal.o
                0x08001804                HAL_Init
 .text.HAL_InitTick
                0x08001844       0x74 ./Drivers/STM32WBxx_HAL_Driver/Src/stm32wbxx_hal.o
                0x08001844                HAL_InitTick
 .text.HAL_IncTick
                0x080018b8       0x28 ./Drivers/STM32WBxx_HAL_Driver/Src/stm32wbxx_hal.o
                0x080018b8                HAL_IncTick
 .text.HAL_GetTick
                0x080018e0       0x18 ./Drivers/STM32WBxx_HAL_Driver/Src/stm32wbxx_hal.o
                0x080018e0                HAL_GetTick
 .text.HAL_GetTickPrio
                0x080018f8       0x18 ./Drivers/STM32WBxx_HAL_Driver/Src/stm32wbxx_hal.o
                0x080018f8                HAL_GetTickPrio
 .text.__NVIC_SetPriorityGrouping
                0x08001910       0x48 ./Drivers/STM32WBxx_HAL_Driver/Src/stm32wbxx_hal_cortex.o
 .text.__NVIC_GetPriorityGrouping
                0x08001958       0x1c ./Drivers/STM32WBxx_HAL_Driver/Src/stm32wbxx_hal_cortex.o
 .text.__NVIC_EnableIRQ
                0x08001974       0x3c ./Drivers/STM32WBxx_HAL_Driver/Src/stm32wbxx_hal_cortex.o
 .text.__NVIC_DisableIRQ
                0x080019b0       0x48 ./Drivers/STM32WBxx_HAL_Driver/Src/stm32wbxx_hal_cortex.o
 .text.__NVIC_SetPendingIRQ
                0x080019f8       0x3c ./Drivers/STM32WBxx_HAL_Driver/Src/stm32wbxx_hal_cortex.o
 .text.__NVIC_ClearPendingIRQ
                0x08001a34       0x3c ./Drivers/STM32WBxx_HAL_Driver/Src/stm32wbxx_hal_cortex.o
 .text.__NVIC_SetPriority
                0x08001a70       0x54 ./Drivers/STM32WBxx_HAL_Driver/Src/stm32wbxx_hal_cortex.o
 .text.NVIC_EncodePriority
                0x08001ac4       0x66 ./Drivers/STM32WBxx_HAL_Driver/Src/stm32wbxx_hal_cortex.o
 *fill*         0x08001b2a        0x2 
 .text.SysTick_Config
                0x08001b2c       0x44 ./Drivers/STM32WBxx_HAL_Driver/Src/stm32wbxx_hal_cortex.o
 .text.HAL_NVIC_SetPriorityGrouping
                0x08001b70       0x40 ./Drivers/STM32WBxx_HAL_Driver/Src/stm32wbxx_hal_cortex.o
                0x08001b70                HAL_NVIC_SetPriorityGrouping
 .text.HAL_NVIC_SetPriority
                0x08001bb0       0x54 ./Drivers/STM32WBxx_HAL_Driver/Src/stm32wbxx_hal_cortex.o
                0x08001bb0                HAL_NVIC_SetPriority
 .text.HAL_NVIC_EnableIRQ
                0x08001c04       0x30 ./Drivers/STM32WBxx_HAL_Driver/Src/stm32wbxx_hal_cortex.o
                0x08001c04                HAL_NVIC_EnableIRQ
 .text.HAL_NVIC_DisableIRQ
                0x08001c34       0x30 ./Drivers/STM32WBxx_HAL_Driver/Src/stm32wbxx_hal_cortex.o
                0x08001c34                HAL_NVIC_DisableIRQ
 .text.HAL_SYSTICK_Config
                0x08001c64       0x18 ./Drivers/STM32WBxx_HAL_Driver/Src/stm32wbxx_hal_cortex.o
                0x08001c64                HAL_SYSTICK_Config
 .text.HAL_NVIC_SetPendingIRQ
                0x08001c7c       0x34 ./Drivers/STM32WBxx_HAL_Driver/Src/stm32wbxx_hal_cortex.o
                0x08001c7c                HAL_NVIC_SetPendingIRQ
 .text.HAL_NVIC_ClearPendingIRQ
                0x08001cb0       0x34 ./Drivers/STM32WBxx_HAL_Driver/Src/stm32wbxx_hal_cortex.o
                0x08001cb0                HAL_NVIC_ClearPendingIRQ
 .text.HAL_GPIO_Init
                0x08001ce4      0x460 ./Drivers/STM32WBxx_HAL_Driver/Src/stm32wbxx_hal_gpio.o
                0x08001ce4                HAL_GPIO_Init
 .text.HAL_GPIO_WritePin
                0x08002144       0x58 ./Drivers/STM32WBxx_HAL_Driver/Src/stm32wbxx_hal_gpio.o
                0x08002144                HAL_GPIO_WritePin
 .text.HAL_HSEM_IRQHandler
                0x0800219c       0x34 ./Drivers/STM32WBxx_HAL_Driver/Src/stm32wbxx_hal_hsem.o
                0x0800219c                HAL_HSEM_IRQHandler
 .text.HAL_HSEM_FreeCallback
                0x080021d0       0x14 ./Drivers/STM32WBxx_HAL_Driver/Src/stm32wbxx_hal_hsem.o
                0x080021d0                HAL_HSEM_FreeCallback
 .text.HAL_PWR_EnableBkUpAccess
                0x080021e4       0x20 ./Drivers/STM32WBxx_HAL_Driver/Src/stm32wbxx_hal_pwr.o
                0x080021e4                HAL_PWR_EnableBkUpAccess
 .text.HAL_PWREx_GetVoltageRange
                0x08002204       0x1c ./Drivers/STM32WBxx_HAL_Driver/Src/stm32wbxx_hal_pwr_ex.o
                0x08002204                HAL_PWREx_GetVoltageRange
 .text.LL_RCC_HSE_IsEnabledDiv2
                0x08002220       0x24 ./Drivers/STM32WBxx_HAL_Driver/Src/stm32wbxx_hal_rcc.o
 .text.LL_RCC_HSE_Enable
                0x08002244       0x1e ./Drivers/STM32WBxx_HAL_Driver/Src/stm32wbxx_hal_rcc.o
 .text.LL_RCC_HSE_Disable
                0x08002262       0x1e ./Drivers/STM32WBxx_HAL_Driver/Src/stm32wbxx_hal_rcc.o
 .text.LL_RCC_HSE_IsReady
                0x08002280       0x24 ./Drivers/STM32WBxx_HAL_Driver/Src/stm32wbxx_hal_rcc.o
 .text.LL_RCC_HSI_Enable
                0x080022a4       0x1e ./Drivers/STM32WBxx_HAL_Driver/Src/stm32wbxx_hal_rcc.o
 .text.LL_RCC_HSI_Disable
                0x080022c2       0x1e ./Drivers/STM32WBxx_HAL_Driver/Src/stm32wbxx_hal_rcc.o
 .text.LL_RCC_HSI_IsReady
                0x080022e0       0x24 ./Drivers/STM32WBxx_HAL_Driver/Src/stm32wbxx_hal_rcc.o
 .text.LL_RCC_HSI_SetCalibTrimming
                0x08002304       0x2a ./Drivers/STM32WBxx_HAL_Driver/Src/stm32wbxx_hal_rcc.o
 .text.LL_RCC_HSI48_Enable
                0x0800232e       0x22 ./Drivers/STM32WBxx_HAL_Driver/Src/stm32wbxx_hal_rcc.o
 .text.LL_RCC_HSI48_Disable
                0x08002350       0x22 ./Drivers/STM32WBxx_HAL_Driver/Src/stm32wbxx_hal_rcc.o
 .text.LL_RCC_HSI48_IsReady
                0x08002372       0x24 ./Drivers/STM32WBxx_HAL_Driver/Src/stm32wbxx_hal_rcc.o
 .text.LL_RCC_LSE_Enable
                0x08002396       0x22 ./Drivers/STM32WBxx_HAL_Driver/Src/stm32wbxx_hal_rcc.o
 .text.LL_RCC_LSE_Disable
                0x080023b8       0x22 ./Drivers/STM32WBxx_HAL_Driver/Src/stm32wbxx_hal_rcc.o
 .text.LL_RCC_LSE_EnableBypass
                0x080023da       0x22 ./Drivers/STM32WBxx_HAL_Driver/Src/stm32wbxx_hal_rcc.o
 .text.LL_RCC_LSE_DisableBypass
                0x080023fc       0x22 ./Drivers/STM32WBxx_HAL_Driver/Src/stm32wbxx_hal_rcc.o
 .text.LL_RCC_LSE_IsReady
                0x0800241e       0x24 ./Drivers/STM32WBxx_HAL_Driver/Src/stm32wbxx_hal_rcc.o
 .text.LL_RCC_LSI1_Enable
                0x08002442       0x22 ./Drivers/STM32WBxx_HAL_Driver/Src/stm32wbxx_hal_rcc.o
 .text.LL_RCC_LSI1_Disable
                0x08002464       0x22 ./Drivers/STM32WBxx_HAL_Driver/Src/stm32wbxx_hal_rcc.o
 .text.LL_RCC_LSI1_IsReady
                0x08002486       0x24 ./Drivers/STM32WBxx_HAL_Driver/Src/stm32wbxx_hal_rcc.o
 .text.LL_RCC_LSI2_Enable
                0x080024aa       0x22 ./Drivers/STM32WBxx_HAL_Driver/Src/stm32wbxx_hal_rcc.o
 .text.LL_RCC_LSI2_Disable
                0x080024cc       0x22 ./Drivers/STM32WBxx_HAL_Driver/Src/stm32wbxx_hal_rcc.o
 .text.LL_RCC_LSI2_IsReady
                0x080024ee       0x24 ./Drivers/STM32WBxx_HAL_Driver/Src/stm32wbxx_hal_rcc.o
 .text.LL_RCC_LSI2_SetTrimming
                0x08002512       0x2e ./Drivers/STM32WBxx_HAL_Driver/Src/stm32wbxx_hal_rcc.o
 .text.LL_RCC_MSI_Enable
                0x08002540       0x1e ./Drivers/STM32WBxx_HAL_Driver/Src/stm32wbxx_hal_rcc.o
 .text.LL_RCC_MSI_Disable
                0x0800255e       0x1e ./Drivers/STM32WBxx_HAL_Driver/Src/stm32wbxx_hal_rcc.o
 .text.LL_RCC_MSI_IsReady
                0x0800257c       0x22 ./Drivers/STM32WBxx_HAL_Driver/Src/stm32wbxx_hal_rcc.o
 .text.LL_RCC_MSI_SetRange
                0x0800259e       0x28 ./Drivers/STM32WBxx_HAL_Driver/Src/stm32wbxx_hal_rcc.o
 .text.LL_RCC_MSI_GetRange
                0x080025c6       0x2a ./Drivers/STM32WBxx_HAL_Driver/Src/stm32wbxx_hal_rcc.o
 .text.LL_RCC_MSI_SetCalibTrimming
                0x080025f0       0x2a ./Drivers/STM32WBxx_HAL_Driver/Src/stm32wbxx_hal_rcc.o
 .text.LL_RCC_SetSysClkSource
                0x0800261a       0x28 ./Drivers/STM32WBxx_HAL_Driver/Src/stm32wbxx_hal_rcc.o
 .text.LL_RCC_GetSysClkSource
                0x08002642       0x18 ./Drivers/STM32WBxx_HAL_Driver/Src/stm32wbxx_hal_rcc.o
 .text.LL_RCC_SetAHBPrescaler
                0x0800265a       0x28 ./Drivers/STM32WBxx_HAL_Driver/Src/stm32wbxx_hal_rcc.o
 .text.LL_C2_RCC_SetAHBPrescaler
                0x08002682       0x2c ./Drivers/STM32WBxx_HAL_Driver/Src/stm32wbxx_hal_rcc.o
 .text.LL_RCC_SetAHB4Prescaler
                0x080026ae       0x2e ./Drivers/STM32WBxx_HAL_Driver/Src/stm32wbxx_hal_rcc.o
 .text.LL_RCC_SetAPB1Prescaler
                0x080026dc       0x28 ./Drivers/STM32WBxx_HAL_Driver/Src/stm32wbxx_hal_rcc.o
 .text.LL_RCC_SetAPB2Prescaler
                0x08002704       0x28 ./Drivers/STM32WBxx_HAL_Driver/Src/stm32wbxx_hal_rcc.o
 .text.LL_RCC_GetAHBPrescaler
                0x0800272c       0x18 ./Drivers/STM32WBxx_HAL_Driver/Src/stm32wbxx_hal_rcc.o
 .text.LL_RCC_GetAHB4Prescaler
                0x08002744       0x1c ./Drivers/STM32WBxx_HAL_Driver/Src/stm32wbxx_hal_rcc.o
 .text.LL_RCC_PLL_Enable
                0x08002760       0x1e ./Drivers/STM32WBxx_HAL_Driver/Src/stm32wbxx_hal_rcc.o
 .text.LL_RCC_PLL_Disable
                0x0800277e       0x1e ./Drivers/STM32WBxx_HAL_Driver/Src/stm32wbxx_hal_rcc.o
 .text.LL_RCC_PLL_IsReady
                0x0800279c       0x24 ./Drivers/STM32WBxx_HAL_Driver/Src/stm32wbxx_hal_rcc.o
 .text.LL_RCC_PLL_GetN
                0x080027c0       0x1a ./Drivers/STM32WBxx_HAL_Driver/Src/stm32wbxx_hal_rcc.o
 .text.LL_RCC_PLL_GetR
                0x080027da       0x18 ./Drivers/STM32WBxx_HAL_Driver/Src/stm32wbxx_hal_rcc.o
 .text.LL_RCC_PLL_GetDivider
                0x080027f2       0x18 ./Drivers/STM32WBxx_HAL_Driver/Src/stm32wbxx_hal_rcc.o
 .text.LL_RCC_PLL_GetMainSource
                0x0800280a       0x18 ./Drivers/STM32WBxx_HAL_Driver/Src/stm32wbxx_hal_rcc.o
 .text.LL_RCC_IsActiveFlag_HPRE
                0x08002822       0x24 ./Drivers/STM32WBxx_HAL_Driver/Src/stm32wbxx_hal_rcc.o
 .text.LL_RCC_IsActiveFlag_C2HPRE
                0x08002846       0x26 ./Drivers/STM32WBxx_HAL_Driver/Src/stm32wbxx_hal_rcc.o
 .text.LL_RCC_IsActiveFlag_SHDHPRE
                0x0800286c       0x26 ./Drivers/STM32WBxx_HAL_Driver/Src/stm32wbxx_hal_rcc.o
 .text.LL_RCC_IsActiveFlag_PPRE1
                0x08002892       0x24 ./Drivers/STM32WBxx_HAL_Driver/Src/stm32wbxx_hal_rcc.o
 .text.LL_RCC_IsActiveFlag_PPRE2
                0x080028b6       0x24 ./Drivers/STM32WBxx_HAL_Driver/Src/stm32wbxx_hal_rcc.o
 *fill*         0x080028da        0x2 
 .text.HAL_RCC_OscConfig
                0x080028dc      0x968 ./Drivers/STM32WBxx_HAL_Driver/Src/stm32wbxx_hal_rcc.o
                0x080028dc                HAL_RCC_OscConfig
 .text.HAL_RCC_ClockConfig
                0x08003244      0x4d4 ./Drivers/STM32WBxx_HAL_Driver/Src/stm32wbxx_hal_rcc.o
                0x08003244                HAL_RCC_ClockConfig
 .text.HAL_RCC_GetSysClockFreq
                0x08003718       0xd8 ./Drivers/STM32WBxx_HAL_Driver/Src/stm32wbxx_hal_rcc.o
                0x08003718                HAL_RCC_GetSysClockFreq
 .text.HAL_RCC_GetHCLKFreq
                0x080037f0       0x28 ./Drivers/STM32WBxx_HAL_Driver/Src/stm32wbxx_hal_rcc.o
                0x080037f0                HAL_RCC_GetHCLKFreq
 .text.RCC_SetFlashLatencyFromMSIRange
                0x08003818       0xc4 ./Drivers/STM32WBxx_HAL_Driver/Src/stm32wbxx_hal_rcc.o
 .text.RCC_SetFlashLatency
                0x080038dc       0xf8 ./Drivers/STM32WBxx_HAL_Driver/Src/stm32wbxx_hal_rcc.o
 .text.LL_RCC_LSE_IsEnabled
                0x080039d4       0x24 ./Drivers/STM32WBxx_HAL_Driver/Src/stm32wbxx_hal_rcc_ex.o
 .text.LL_RCC_LSE_IsReady
                0x080039f8       0x24 ./Drivers/STM32WBxx_HAL_Driver/Src/stm32wbxx_hal_rcc_ex.o
 .text.LL_RCC_SetRFWKPClockSource
                0x08003a1c       0x2c ./Drivers/STM32WBxx_HAL_Driver/Src/stm32wbxx_hal_rcc_ex.o
 .text.LL_RCC_SetSMPSClockSource
                0x08003a48       0x28 ./Drivers/STM32WBxx_HAL_Driver/Src/stm32wbxx_hal_rcc_ex.o
 .text.LL_RCC_SetSMPSPrescaler
                0x08003a70       0x28 ./Drivers/STM32WBxx_HAL_Driver/Src/stm32wbxx_hal_rcc_ex.o
 .text.LL_RCC_SetUSARTClockSource
                0x08003a98       0x2c ./Drivers/STM32WBxx_HAL_Driver/Src/stm32wbxx_hal_rcc_ex.o
 .text.LL_RCC_SetLPUARTClockSource
                0x08003ac4       0x2c ./Drivers/STM32WBxx_HAL_Driver/Src/stm32wbxx_hal_rcc_ex.o
 .text.LL_RCC_SetI2CClockSource
                0x08003af0       0x3a ./Drivers/STM32WBxx_HAL_Driver/Src/stm32wbxx_hal_rcc_ex.o
 .text.LL_RCC_SetLPTIMClockSource
                0x08003b2a       0x34 ./Drivers/STM32WBxx_HAL_Driver/Src/stm32wbxx_hal_rcc_ex.o
 .text.LL_RCC_SetSAIClockSource
                0x08003b5e       0x2c ./Drivers/STM32WBxx_HAL_Driver/Src/stm32wbxx_hal_rcc_ex.o
 .text.LL_RCC_SetRNGClockSource
                0x08003b8a       0x2c ./Drivers/STM32WBxx_HAL_Driver/Src/stm32wbxx_hal_rcc_ex.o
 .text.LL_RCC_SetCLK48ClockSource
                0x08003bb6       0x2c ./Drivers/STM32WBxx_HAL_Driver/Src/stm32wbxx_hal_rcc_ex.o
 .text.LL_RCC_SetUSBClockSource
                0x08003be2       0x16 ./Drivers/STM32WBxx_HAL_Driver/Src/stm32wbxx_hal_rcc_ex.o
 .text.LL_RCC_SetADCClockSource
                0x08003bf8       0x2c ./Drivers/STM32WBxx_HAL_Driver/Src/stm32wbxx_hal_rcc_ex.o
 .text.LL_RCC_SetRTCClockSource
                0x08003c24       0x2c ./Drivers/STM32WBxx_HAL_Driver/Src/stm32wbxx_hal_rcc_ex.o
 .text.LL_RCC_GetRTCClockSource
                0x08003c50       0x1a ./Drivers/STM32WBxx_HAL_Driver/Src/stm32wbxx_hal_rcc_ex.o
 .text.LL_RCC_ForceBackupDomainReset
                0x08003c6a       0x22 ./Drivers/STM32WBxx_HAL_Driver/Src/stm32wbxx_hal_rcc_ex.o
 .text.LL_RCC_ReleaseBackupDomainReset
                0x08003c8c       0x22 ./Drivers/STM32WBxx_HAL_Driver/Src/stm32wbxx_hal_rcc_ex.o
 .text.LL_RCC_PLLSAI1_Enable
                0x08003cae       0x1e ./Drivers/STM32WBxx_HAL_Driver/Src/stm32wbxx_hal_rcc_ex.o
 .text.LL_RCC_PLLSAI1_Disable
                0x08003ccc       0x1e ./Drivers/STM32WBxx_HAL_Driver/Src/stm32wbxx_hal_rcc_ex.o
 .text.LL_RCC_PLLSAI1_IsReady
                0x08003cea       0x24 ./Drivers/STM32WBxx_HAL_Driver/Src/stm32wbxx_hal_rcc_ex.o
 *fill*         0x08003d0e        0x2 
 .text.HAL_RCCEx_PeriphCLKConfig
                0x08003d10      0x5cc ./Drivers/STM32WBxx_HAL_Driver/Src/stm32wbxx_hal_rcc_ex.o
                0x08003d10                HAL_RCCEx_PeriphCLKConfig
 .text.RCCEx_PLLSAI1_ConfigNP
                0x080042dc      0x130 ./Drivers/STM32WBxx_HAL_Driver/Src/stm32wbxx_hal_rcc_ex.o
 .text.RCCEx_PLLSAI1_ConfigNQ
                0x0800440c      0x130 ./Drivers/STM32WBxx_HAL_Driver/Src/stm32wbxx_hal_rcc_ex.o
 .text.RCCEx_PLLSAI1_ConfigNR
                0x0800453c      0x130 ./Drivers/STM32WBxx_HAL_Driver/Src/stm32wbxx_hal_rcc_ex.o
 .text.HAL_RTC_Init
                0x0800466c      0x1f0 ./Drivers/STM32WBxx_HAL_Driver/Src/stm32wbxx_hal_rtc.o
                0x0800466c                HAL_RTC_Init
 .text.HAL_RTC_WaitForSynchro
                0x0800485c       0x4c ./Drivers/STM32WBxx_HAL_Driver/Src/stm32wbxx_hal_rtc.o
                0x0800485c                HAL_RTC_WaitForSynchro
 .text.RTC_EnterInitMode
                0x080048a8       0x70 ./Drivers/STM32WBxx_HAL_Driver/Src/stm32wbxx_hal_rtc.o
                0x080048a8                RTC_EnterInitMode
 .text.RTC_ExitInitMode
                0x08004918       0x4c ./Drivers/STM32WBxx_HAL_Driver/Src/stm32wbxx_hal_rtc.o
                0x08004918                RTC_ExitInitMode
 .text.aci_gap_set_non_discoverable
                0x08004964       0x48 ./Middlewares/ST/STM32_WPAN/ble/core/auto/ble_gap_aci.o
                0x08004964                aci_gap_set_non_discoverable
 .text.aci_gap_set_discoverable
                0x080049ac      0x1f4 ./Middlewares/ST/STM32_WPAN/ble/core/auto/ble_gap_aci.o
                0x080049ac                aci_gap_set_discoverable
 .text.aci_gap_set_io_capability
                0x08004ba0       0xa8 ./Middlewares/ST/STM32_WPAN/ble/core/auto/ble_gap_aci.o
                0x08004ba0                aci_gap_set_io_capability
 .text.aci_gap_set_authentication_requirement
                0x08004c48      0x188 ./Middlewares/ST/STM32_WPAN/ble/core/auto/ble_gap_aci.o
                0x08004c48                aci_gap_set_authentication_requirement
 .text.aci_gap_init
                0x08004dd0      0x15a ./Middlewares/ST/STM32_WPAN/ble/core/auto/ble_gap_aci.o
                0x08004dd0                aci_gap_init
 .text.aci_gap_update_adv_data
                0x08004f2a       0xe4 ./Middlewares/ST/STM32_WPAN/ble/core/auto/ble_gap_aci.o
                0x08004f2a                aci_gap_update_adv_data
 .text.aci_gap_configure_filter_accept_list
                0x0800500e       0x48 ./Middlewares/ST/STM32_WPAN/ble/core/auto/ble_gap_aci.o
                0x0800500e                aci_gap_configure_filter_accept_list
 .text.aci_gatt_init
                0x08005056       0x4a ./Middlewares/ST/STM32_WPAN/ble/core/auto/ble_gatt_aci.o
                0x08005056                aci_gatt_init
 .text.aci_gatt_add_service
                0x080050a0      0x1ac ./Middlewares/ST/STM32_WPAN/ble/core/auto/ble_gatt_aci.o
                0x080050a0                aci_gatt_add_service
 .text.aci_gatt_add_char
                0x0800524c      0x210 ./Middlewares/ST/STM32_WPAN/ble/core/auto/ble_gatt_aci.o
                0x0800524c                aci_gatt_add_char
 .text.aci_gatt_update_char_value
                0x0800545c      0x152 ./Middlewares/ST/STM32_WPAN/ble/core/auto/ble_gatt_aci.o
                0x0800545c                aci_gatt_update_char_value
 .text.aci_gatt_confirm_indication
                0x080055ae       0xaa ./Middlewares/ST/STM32_WPAN/ble/core/auto/ble_gatt_aci.o
                0x080055ae                aci_gatt_confirm_indication
 .text.aci_hal_write_config_data
                0x08005658      0x10a ./Middlewares/ST/STM32_WPAN/ble/core/auto/ble_hal_aci.o
                0x08005658                aci_hal_write_config_data
 .text.aci_hal_set_tx_power_level
                0x08005762       0xce ./Middlewares/ST/STM32_WPAN/ble/core/auto/ble_hal_aci.o
                0x08005762                aci_hal_set_tx_power_level
 .text.aci_hal_set_radio_activity_mask
                0x08005830       0xa8 ./Middlewares/ST/STM32_WPAN/ble/core/auto/ble_hal_aci.o
                0x08005830                aci_hal_set_radio_activity_mask
 .text.hci_reset
                0x080058d8       0x48 ./Middlewares/ST/STM32_WPAN/ble/core/auto/ble_hci_le.o
                0x080058d8                hci_reset
 .text.hci_le_read_phy
                0x08005920       0xfc ./Middlewares/ST/STM32_WPAN/ble/core/auto/ble_hci_le.o
                0x08005920                hci_le_read_phy
 .text.hci_le_set_default_phy
                0x08005a1c       0xfa ./Middlewares/ST/STM32_WPAN/ble/core/auto/ble_hci_le.o
                0x08005a1c                hci_le_set_default_phy
 .text.Osal_MemCpy
                0x08005b16       0x20 ./Middlewares/ST/STM32_WPAN/ble/core/template/osal.o
                0x08005b16                Osal_MemCpy
 .text.Osal_MemSet
                0x08005b36       0x20 ./Middlewares/ST/STM32_WPAN/ble/core/template/osal.o
                0x08005b36                Osal_MemSet
 *fill*         0x08005b56        0x2 
 .text.PeerToPeer_Event_Handler
                0x08005b58       0xc8 ./Middlewares/ST/STM32_WPAN/ble/svc/Src/p2p_stm.o
 .text.P2PS_STM_Init
                0x08005c20      0x140 ./Middlewares/ST/STM32_WPAN/ble/svc/Src/p2p_stm.o
                0x08005c20                P2PS_STM_Init
 .text.BAS_Init
                0x08005d60        0xe ./Middlewares/ST/STM32_WPAN/ble/svc/Src/svc_ctl.o
                0x08005d60                BAS_Init
 .text.BLS_Init
                0x08005d6e        0xe ./Middlewares/ST/STM32_WPAN/ble/svc/Src/svc_ctl.o
                0x08005d6e                BLS_Init
 .text.CRS_STM_Init
                0x08005d7c        0xe ./Middlewares/ST/STM32_WPAN/ble/svc/Src/svc_ctl.o
                0x08005d7c                CRS_STM_Init
 .text.DIS_Init
                0x08005d8a        0xe ./Middlewares/ST/STM32_WPAN/ble/svc/Src/svc_ctl.o
                0x08005d8a                DIS_Init
 .text.EDS_STM_Init
                0x08005d98        0xe ./Middlewares/ST/STM32_WPAN/ble/svc/Src/svc_ctl.o
                0x08005d98                EDS_STM_Init
 .text.HIDS_Init
                0x08005da6        0xe ./Middlewares/ST/STM32_WPAN/ble/svc/Src/svc_ctl.o
                0x08005da6                HIDS_Init
 .text.HRS_Init
                0x08005db4        0xe ./Middlewares/ST/STM32_WPAN/ble/svc/Src/svc_ctl.o
                0x08005db4                HRS_Init
 .text.HTS_Init
                0x08005dc2        0xe ./Middlewares/ST/STM32_WPAN/ble/svc/Src/svc_ctl.o
                0x08005dc2                HTS_Init
 .text.IAS_Init
                0x08005dd0        0xe ./Middlewares/ST/STM32_WPAN/ble/svc/Src/svc_ctl.o
                0x08005dd0                IAS_Init
 .text.LLS_Init
                0x08005dde        0xe ./Middlewares/ST/STM32_WPAN/ble/svc/Src/svc_ctl.o
                0x08005dde                LLS_Init
 .text.TPS_Init
                0x08005dec        0xe ./Middlewares/ST/STM32_WPAN/ble/svc/Src/svc_ctl.o
                0x08005dec                TPS_Init
 .text.MOTENV_STM_Init
                0x08005dfa        0xe ./Middlewares/ST/STM32_WPAN/ble/svc/Src/svc_ctl.o
                0x08005dfa                MOTENV_STM_Init
 .text.ZDD_STM_Init
                0x08005e08        0xe ./Middlewares/ST/STM32_WPAN/ble/svc/Src/svc_ctl.o
                0x08005e08                ZDD_STM_Init
 .text.OTAS_STM_Init
                0x08005e16        0xe ./Middlewares/ST/STM32_WPAN/ble/svc/Src/svc_ctl.o
                0x08005e16                OTAS_STM_Init
 .text.MESH_Init
                0x08005e24        0xe ./Middlewares/ST/STM32_WPAN/ble/svc/Src/svc_ctl.o
                0x08005e24                MESH_Init
 .text.BVOPUS_STM_Init
                0x08005e32        0xe ./Middlewares/ST/STM32_WPAN/ble/svc/Src/svc_ctl.o
                0x08005e32                BVOPUS_STM_Init
 .text.SVCCTL_InitCustomSvc
                0x08005e40        0xe ./Middlewares/ST/STM32_WPAN/ble/svc/Src/svc_ctl.o
                0x08005e40                SVCCTL_InitCustomSvc
 *fill*         0x08005e4e        0x2 
 .text.SVCCTL_Init
                0x08005e50       0x20 ./Middlewares/ST/STM32_WPAN/ble/svc/Src/svc_ctl.o
                0x08005e50                SVCCTL_Init
 .text.SVCCTL_SvcInit
                0x08005e70       0x50 ./Middlewares/ST/STM32_WPAN/ble/svc/Src/svc_ctl.o
                0x08005e70                SVCCTL_SvcInit
 .text.SVCCTL_RegisterSvcHandler
                0x08005ec0       0x34 ./Middlewares/ST/STM32_WPAN/ble/svc/Src/svc_ctl.o
                0x08005ec0                SVCCTL_RegisterSvcHandler
 .text.SVCCTL_UserEvtRx
                0x08005ef4       0xa8 ./Middlewares/ST/STM32_WPAN/ble/svc/Src/svc_ctl.o
                0x08005ef4                SVCCTL_UserEvtRx
 .text.SHCI_C2_BLE_Init
                0x08005f9c       0x2e ./Middlewares/ST/STM32_WPAN/interface/patterns/ble_thread/shci/shci.o
                0x08005f9c                SHCI_C2_BLE_Init
 .text.SHCI_C2_DEBUG_Init
                0x08005fca       0x2e ./Middlewares/ST/STM32_WPAN/interface/patterns/ble_thread/shci/shci.o
                0x08005fca                SHCI_C2_DEBUG_Init
 .text.SHCI_C2_Config
                0x08005ff8       0x2a ./Middlewares/ST/STM32_WPAN/interface/patterns/ble_thread/shci/shci.o
                0x08005ff8                SHCI_C2_Config
 *fill*         0x08006022        0x2 
 .text.SHCI_GetWirelessFwInfo
                0x08006024      0x15c ./Middlewares/ST/STM32_WPAN/interface/patterns/ble_thread/shci/shci.o
                0x08006024                SHCI_GetWirelessFwInfo
 .text.hci_init
                0x08006180       0x38 ./Middlewares/ST/STM32_WPAN/interface/patterns/ble_thread/tl/hci_tl.o
                0x08006180                hci_init
 .text.hci_user_evt_proc
                0x080061b8       0x9c ./Middlewares/ST/STM32_WPAN/interface/patterns/ble_thread/tl/hci_tl.o
                0x080061b8                hci_user_evt_proc
 .text.hci_send_req
                0x08006254      0x108 ./Middlewares/ST/STM32_WPAN/interface/patterns/ble_thread/tl/hci_tl.o
                0x08006254                hci_send_req
 .text.TlInit   0x0800635c       0x60 ./Middlewares/ST/STM32_WPAN/interface/patterns/ble_thread/tl/hci_tl.o
 .text.SendCmd  0x080063bc       0x4c ./Middlewares/ST/STM32_WPAN/interface/patterns/ble_thread/tl/hci_tl.o
 .text.NotifyCmdStatus
                0x08006408       0x40 ./Middlewares/ST/STM32_WPAN/interface/patterns/ble_thread/tl/hci_tl.o
 .text.TlEvtReceived
                0x08006448       0x48 ./Middlewares/ST/STM32_WPAN/interface/patterns/ble_thread/tl/hci_tl.o
 .text.hci_register_io_bus
                0x08006490       0x28 ./Middlewares/ST/STM32_WPAN/interface/patterns/ble_thread/tl/hci_tl_if.o
                0x08006490                hci_register_io_bus
 .text.shci_init
                0x080064b8       0x38 ./Middlewares/ST/STM32_WPAN/interface/patterns/ble_thread/tl/shci_tl.o
                0x080064b8                shci_init
 .text.shci_user_evt_proc
                0x080064f0       0x9c ./Middlewares/ST/STM32_WPAN/interface/patterns/ble_thread/tl/shci_tl.o
                0x080064f0                shci_user_evt_proc
 .text.shci_send
                0x0800658c       0x84 ./Middlewares/ST/STM32_WPAN/interface/patterns/ble_thread/tl/shci_tl.o
                0x0800658c                shci_send
 .text.TlInit   0x08006610       0x64 ./Middlewares/ST/STM32_WPAN/interface/patterns/ble_thread/tl/shci_tl.o
 .text.Cmd_SetStatus
                0x08006674       0x50 ./Middlewares/ST/STM32_WPAN/interface/patterns/ble_thread/tl/shci_tl.o
 .text.TlCmdEvtReceived
                0x080066c4       0x16 ./Middlewares/ST/STM32_WPAN/interface/patterns/ble_thread/tl/shci_tl.o
 *fill*         0x080066da        0x2 
 .text.TlUserEvtReceived
                0x080066dc       0x24 ./Middlewares/ST/STM32_WPAN/interface/patterns/ble_thread/tl/shci_tl.o
 .text.shci_register_io_bus
                0x08006700       0x28 ./Middlewares/ST/STM32_WPAN/interface/patterns/ble_thread/tl/shci_tl_if.o
                0x08006700                shci_register_io_bus
 .text.TL_Enable
                0x08006728        0xc ./Middlewares/ST/STM32_WPAN/interface/patterns/ble_thread/tl/tl_mbox.o
                0x08006728                TL_Enable
 .text.TL_Init  0x08006734       0x74 ./Middlewares/ST/STM32_WPAN/interface/patterns/ble_thread/tl/tl_mbox.o
                0x08006734                TL_Init
 .text.TL_BLE_Init
                0x080067a8       0x68 ./Middlewares/ST/STM32_WPAN/interface/patterns/ble_thread/tl/tl_mbox.o
                0x080067a8                TL_BLE_Init
 .text.TL_BLE_SendCmd
                0x08006810       0x38 ./Middlewares/ST/STM32_WPAN/interface/patterns/ble_thread/tl/tl_mbox.o
                0x08006810                TL_BLE_SendCmd
 .text.HW_IPCC_BLE_RxEvtNot
                0x08006848       0x60 ./Middlewares/ST/STM32_WPAN/interface/patterns/ble_thread/tl/tl_mbox.o
                0x08006848                HW_IPCC_BLE_RxEvtNot
 .text.HW_IPCC_BLE_AclDataAckNot
                0x080068a8       0x14 ./Middlewares/ST/STM32_WPAN/interface/patterns/ble_thread/tl/tl_mbox.o
                0x080068a8                HW_IPCC_BLE_AclDataAckNot
 .text.TL_SYS_Init
                0x080068bc       0x54 ./Middlewares/ST/STM32_WPAN/interface/patterns/ble_thread/tl/tl_mbox.o
                0x080068bc                TL_SYS_Init
 .text.TL_SYS_SendCmd
                0x08006910       0x38 ./Middlewares/ST/STM32_WPAN/interface/patterns/ble_thread/tl/tl_mbox.o
                0x08006910                TL_SYS_SendCmd
 .text.HW_IPCC_SYS_CmdEvtNot
                0x08006948       0x2c ./Middlewares/ST/STM32_WPAN/interface/patterns/ble_thread/tl/tl_mbox.o
                0x08006948                HW_IPCC_SYS_CmdEvtNot
 .text.HW_IPCC_SYS_EvtNot
                0x08006974       0x44 ./Middlewares/ST/STM32_WPAN/interface/patterns/ble_thread/tl/tl_mbox.o
                0x08006974                HW_IPCC_SYS_EvtNot
 .text.TL_MM_Init
                0x080069b8       0x78 ./Middlewares/ST/STM32_WPAN/interface/patterns/ble_thread/tl/tl_mbox.o
                0x080069b8                TL_MM_Init
 .text.TL_MM_EvtDone
                0x08006a30       0x30 ./Middlewares/ST/STM32_WPAN/interface/patterns/ble_thread/tl/tl_mbox.o
                0x08006a30                TL_MM_EvtDone
 .text.SendFreeBuf
                0x08006a60       0x40 ./Middlewares/ST/STM32_WPAN/interface/patterns/ble_thread/tl/tl_mbox.o
 .text.TL_TRACES_Init
                0x08006aa0       0x24 ./Middlewares/ST/STM32_WPAN/interface/patterns/ble_thread/tl/tl_mbox.o
                0x08006aa0                TL_TRACES_Init
 .text.HW_IPCC_TRACES_EvtNot
                0x08006ac4       0x34 ./Middlewares/ST/STM32_WPAN/interface/patterns/ble_thread/tl/tl_mbox.o
                0x08006ac4                HW_IPCC_TRACES_EvtNot
 .text.TL_TRACES_EvtReceived
                0x08006af8       0x14 ./Middlewares/ST/STM32_WPAN/interface/patterns/ble_thread/tl/tl_mbox.o
                0x08006af8                TL_TRACES_EvtReceived
 .text.OutputDbgTrace
                0x08006b0c       0xac ./Middlewares/ST/STM32_WPAN/interface/patterns/ble_thread/tl/tl_mbox.o
 .text.OTP_Read
                0x08006bb8       0x50 ./Middlewares/ST/STM32_WPAN/utilities/otp.o
                0x08006bb8                OTP_Read
 .text.LST_init_head
                0x08006c08       0x20 ./Middlewares/ST/STM32_WPAN/utilities/stm_list.o
                0x08006c08                LST_init_head
 .text.LST_is_empty
                0x08006c28       0x44 ./Middlewares/ST/STM32_WPAN/utilities/stm_list.o
                0x08006c28                LST_is_empty
 .text.LST_insert_head
                0x08006c6c       0x4c ./Middlewares/ST/STM32_WPAN/utilities/stm_list.o
                0x08006c6c                LST_insert_head
 .text.LST_insert_tail
                0x08006cb8       0x4c ./Middlewares/ST/STM32_WPAN/utilities/stm_list.o
                0x08006cb8                LST_insert_tail
 .text.LST_remove_node
                0x08006d04       0x42 ./Middlewares/ST/STM32_WPAN/utilities/stm_list.o
                0x08006d04                LST_remove_node
 .text.LST_remove_head
                0x08006d46       0x3e ./Middlewares/ST/STM32_WPAN/utilities/stm_list.o
                0x08006d46                LST_remove_head
 .text.LL_FLASH_GetUDN
                0x08006d84       0x18 ./STM32_WPAN/App/app_ble.o
 .text.LL_FLASH_GetDeviceID
                0x08006d9c       0x18 ./STM32_WPAN/App/app_ble.o
 .text.LL_FLASH_GetSTCompanyID
                0x08006db4       0x18 ./STM32_WPAN/App/app_ble.o
 .text.APP_BLE_Init
                0x08006dcc       0xf0 ./STM32_WPAN/App/app_ble.o
                0x08006dcc                APP_BLE_Init
 .text.SVCCTL_App_Notification
                0x08006ebc      0x16c ./STM32_WPAN/App/app_ble.o
                0x08006ebc                SVCCTL_App_Notification
 .text.Ble_Tl_Init
                0x08007028       0x2c ./STM32_WPAN/App/app_ble.o
 .text.Ble_Hci_Gap_Gatt_Init
                0x08007054      0x1a4 ./STM32_WPAN/App/app_ble.o
 .text.Adv_Request
                0x080071f8       0xe0 ./STM32_WPAN/App/app_ble.o
 .text.BleGetBdAddress
                0x080072d8       0x88 ./STM32_WPAN/App/app_ble.o
 .text.Adv_Cancel
                0x08007360       0x34 ./STM32_WPAN/App/app_ble.o
 .text.Adv_Cancel_Req
                0x08007394       0x10 ./STM32_WPAN/App/app_ble.o
 .text.Switch_OFF_GPIO
                0x080073a4        0xe ./STM32_WPAN/App/app_ble.o
 .text.hci_notify_asynch_evt
                0x080073b2       0x18 ./STM32_WPAN/App/app_ble.o
                0x080073b2                hci_notify_asynch_evt
 .text.hci_cmd_resp_release
                0x080073ca       0x16 ./STM32_WPAN/App/app_ble.o
                0x080073ca                hci_cmd_resp_release
 .text.hci_cmd_resp_wait
                0x080073e0       0x16 ./STM32_WPAN/App/app_ble.o
                0x080073e0                hci_cmd_resp_wait
 .text.BLE_UserEvtRx
                0x080073f6       0x38 ./STM32_WPAN/App/app_ble.o
 .text.BLE_StatusNot
                0x0800742e       0x36 ./STM32_WPAN/App/app_ble.o
 .text.P2PS_STM_App_Notification
                0x08007464       0x5c ./STM32_WPAN/App/p2p_server_app.o
                0x08007464                P2PS_STM_App_Notification
 .text.P2PS_APP_Notification
                0x080074c0       0x28 ./STM32_WPAN/App/p2p_server_app.o
                0x080074c0                P2PS_APP_Notification
 .text.P2PS_APP_Init
                0x080074e8        0xe ./STM32_WPAN/App/p2p_server_app.o
                0x080074e8                P2PS_APP_Init
 *fill*         0x080074f6        0x2 
 .text.LL_PWR_EnableBootC2
                0x080074f8       0x20 ./STM32_WPAN/Target/hw_ipcc.o
 .text.LL_C2_EXTI_EnableEvent_32_63
                0x08007518       0x28 ./STM32_WPAN/Target/hw_ipcc.o
 .text.LL_EXTI_EnableRisingTrig_32_63
                0x08007540       0x24 ./STM32_WPAN/Target/hw_ipcc.o
 .text.LL_AHB3_GRP1_EnableClock
                0x08007564       0x32 ./STM32_WPAN/Target/hw_ipcc.o
 .text.LL_C2_AHB3_GRP1_EnableClock
                0x08007596       0x38 ./STM32_WPAN/Target/hw_ipcc.o
 .text.LL_C1_IPCC_EnableIT_TXF
                0x080075ce       0x20 ./STM32_WPAN/Target/hw_ipcc.o
 .text.LL_C1_IPCC_EnableIT_RXO
                0x080075ee       0x20 ./STM32_WPAN/Target/hw_ipcc.o
 .text.LL_C1_IPCC_EnableTransmitChannel
                0x0800760e       0x26 ./STM32_WPAN/Target/hw_ipcc.o
 .text.LL_C1_IPCC_DisableTransmitChannel
                0x08007634       0x24 ./STM32_WPAN/Target/hw_ipcc.o
 .text.LL_C1_IPCC_EnableReceiveChannel
                0x08007658       0x24 ./STM32_WPAN/Target/hw_ipcc.o
 .text.LL_C1_IPCC_ClearFlag_CHx
                0x0800767c       0x1c ./STM32_WPAN/Target/hw_ipcc.o
 .text.LL_C1_IPCC_SetFlag_CHx
                0x08007698       0x1e ./STM32_WPAN/Target/hw_ipcc.o
 .text.LL_C1_IPCC_IsActiveFlag_CHx
                0x080076b6       0x2a ./STM32_WPAN/Target/hw_ipcc.o
 .text.LL_C2_IPCC_IsActiveFlag_CHx
                0x080076e0       0x2a ./STM32_WPAN/Target/hw_ipcc.o
 *fill*         0x0800770a        0x2 
 .text.HW_IPCC_Rx_Handler
                0x0800770c       0x6c ./STM32_WPAN/Target/hw_ipcc.o
                0x0800770c                HW_IPCC_Rx_Handler
 .text.HW_IPCC_Tx_Handler
                0x08007778       0x6c ./STM32_WPAN/Target/hw_ipcc.o
                0x08007778                HW_IPCC_Tx_Handler
 .text.HW_IPCC_Enable
                0x080077e4       0x28 ./STM32_WPAN/Target/hw_ipcc.o
                0x080077e4                HW_IPCC_Enable
 .text.HW_IPCC_Init
                0x0800780c       0x2c ./STM32_WPAN/Target/hw_ipcc.o
                0x0800780c                HW_IPCC_Init
 .text.HW_IPCC_BLE_Init
                0x08007838       0x34 ./STM32_WPAN/Target/hw_ipcc.o
                0x08007838                HW_IPCC_BLE_Init
 .text.HW_IPCC_BLE_SendCmd
                0x0800786c       0x14 ./STM32_WPAN/Target/hw_ipcc.o
                0x0800786c                HW_IPCC_BLE_SendCmd
 .text.HW_IPCC_BLE_EvtHandler
                0x08007880       0x18 ./STM32_WPAN/Target/hw_ipcc.o
 .text.HW_IPCC_BLE_AclDataEvtHandler
                0x08007898       0x38 ./STM32_WPAN/Target/hw_ipcc.o
 .text.HW_IPCC_SYS_Init
                0x080078d0       0x34 ./STM32_WPAN/Target/hw_ipcc.o
                0x080078d0                HW_IPCC_SYS_Init
 .text.HW_IPCC_SYS_SendCmd
                0x08007904       0x3c ./STM32_WPAN/Target/hw_ipcc.o
                0x08007904                HW_IPCC_SYS_SendCmd
 .text.HW_IPCC_SYS_CmdEvtHandler
                0x08007940       0x38 ./STM32_WPAN/Target/hw_ipcc.o
 .text.HW_IPCC_SYS_EvtHandler
                0x08007978       0x18 ./STM32_WPAN/Target/hw_ipcc.o
 .text.HW_IPCC_MM_SendFreeBuf
                0x08007990       0x5c ./STM32_WPAN/Target/hw_ipcc.o
                0x08007990                HW_IPCC_MM_SendFreeBuf
 .text.HW_IPCC_MM_FreeBufHandler
                0x080079ec       0x48 ./STM32_WPAN/Target/hw_ipcc.o
 .text.HW_IPCC_TRACES_Init
                0x08007a34       0x34 ./STM32_WPAN/Target/hw_ipcc.o
                0x08007a34                HW_IPCC_TRACES_Init
 .text.HW_IPCC_TRACES_EvtHandler
                0x08007a68       0x18 ./STM32_WPAN/Target/hw_ipcc.o
 .text.UTIL_LPM_Init
                0x08007a80       0x24 ./Utilities/lpm/tiny_lpm/stm32_lpm.o
                0x08007a80                UTIL_LPM_Init
 .text.UTIL_LPM_SetOffMode
                0x08007aa4       0x60 ./Utilities/lpm/tiny_lpm/stm32_lpm.o
                0x08007aa4                UTIL_LPM_SetOffMode
 .text.UTIL_SEQ_Run
                0x08007b04      0x1f8 ./Utilities/sequencer/stm32_seq.o
                0x08007b04                UTIL_SEQ_Run
 .text.UTIL_SEQ_RegTask
                0x08007cfc       0x44 ./Utilities/sequencer/stm32_seq.o
                0x08007cfc                UTIL_SEQ_RegTask
 .text.UTIL_SEQ_SetTask
                0x08007d40       0x58 ./Utilities/sequencer/stm32_seq.o
                0x08007d40                UTIL_SEQ_SetTask
 .text.UTIL_SEQ_PauseTask
                0x08007d98       0x40 ./Utilities/sequencer/stm32_seq.o
                0x08007d98                UTIL_SEQ_PauseTask
 .text.UTIL_SEQ_ResumeTask
                0x08007dd8       0x40 ./Utilities/sequencer/stm32_seq.o
                0x08007dd8                UTIL_SEQ_ResumeTask
 .text.UTIL_SEQ_SetEvt
                0x08007e18       0x40 ./Utilities/sequencer/stm32_seq.o
                0x08007e18                UTIL_SEQ_SetEvt
 .text.UTIL_SEQ_WaitEvt
                0x08007e58       0x94 ./Utilities/sequencer/stm32_seq.o
                0x08007e58                UTIL_SEQ_WaitEvt
 .text.UTIL_SEQ_EvtIdle
                0x08007eec       0x1c ./Utilities/sequencer/stm32_seq.o
                0x08007eec                UTIL_SEQ_EvtIdle
 .text.UTIL_SEQ_PreIdle
                0x08007f08        0xe ./Utilities/sequencer/stm32_seq.o
                0x08007f08                UTIL_SEQ_PreIdle
 .text.UTIL_SEQ_PostIdle
                0x08007f16        0xe ./Utilities/sequencer/stm32_seq.o
                0x08007f16                UTIL_SEQ_PostIdle
 .text.SEQ_BitPosition
                0x08007f24       0x30 ./Utilities/sequencer/stm32_seq.o
                0x08007f24                SEQ_BitPosition
 .text.memset   0x08007f54       0x10 D:/STMicroelectronics/STM32CubeIDE_1.18.0/STM32CubeIDE/plugins/com.st.stm32cube.ide.mcu.externaltools.gnu-tools-for-stm32.13.3.rel1.win32_1.0.0.202411081344/tools/bin/../lib/gcc/arm-none-eabi/13.3.1/../../../../arm-none-eabi/lib/thumb/v7e-m+fp/hard\libc_nano.a(libc_a-memset.o)
                0x08007f54                memset
 .text.__libc_init_array
                0x08007f64       0x48 D:/STMicroelectronics/STM32CubeIDE_1.18.0/STM32CubeIDE/plugins/com.st.stm32cube.ide.mcu.externaltools.gnu-tools-for-stm32.13.3.rel1.win32_1.0.0.202411081344/tools/bin/../lib/gcc/arm-none-eabi/13.3.1/../../../../arm-none-eabi/lib/thumb/v7e-m+fp/hard\libc_nano.a(libc_a-init.o)
                0x08007f64                __libc_init_array
 .text.memcpy   0x08007fac       0x1c D:/STMicroelectronics/STM32CubeIDE_1.18.0/STM32CubeIDE/plugins/com.st.stm32cube.ide.mcu.externaltools.gnu-tools-for-stm32.13.3.rel1.win32_1.0.0.202411081344/tools/bin/../lib/gcc/arm-none-eabi/13.3.1/../../../../arm-none-eabi/lib/thumb/v7e-m+fp/hard\libc_nano.a(libc_a-memcpy-stub.o)
                0x08007fac                memcpy
 *(.glue_7)
 .glue_7        0x08007fc8        0x0 linker stubs
 *(.glue_7t)
 .glue_7t       0x08007fc8        0x0 linker stubs
 *(.eh_frame)
 .eh_frame      0x08007fc8        0x0 D:/STMicroelectronics/STM32CubeIDE_1.18.0/STM32CubeIDE/plugins/com.st.stm32cube.ide.mcu.externaltools.gnu-tools-for-stm32.13.3.rel1.win32_1.0.0.202411081344/tools/bin/../lib/gcc/arm-none-eabi/13.3.1/thumb/v7e-m+fp/hard/crtbegin.o
 *(.init)
 .init          0x08007fc8        0x4 D:/STMicroelectronics/STM32CubeIDE_1.18.0/STM32CubeIDE/plugins/com.st.stm32cube.ide.mcu.externaltools.gnu-tools-for-stm32.13.3.rel1.win32_1.0.0.202411081344/tools/bin/../lib/gcc/arm-none-eabi/13.3.1/thumb/v7e-m+fp/hard/crti.o
                0x08007fc8                _init
 .init          0x08007fcc        0x8 D:/STMicroelectronics/STM32CubeIDE_1.18.0/STM32CubeIDE/plugins/com.st.stm32cube.ide.mcu.externaltools.gnu-tools-for-stm32.13.3.rel1.win32_1.0.0.202411081344/tools/bin/../lib/gcc/arm-none-eabi/13.3.1/thumb/v7e-m+fp/hard/crtn.o
 *(.fini)
 .fini          0x08007fd4        0x4 D:/STMicroelectronics/STM32CubeIDE_1.18.0/STM32CubeIDE/plugins/com.st.stm32cube.ide.mcu.externaltools.gnu-tools-for-stm32.13.3.rel1.win32_1.0.0.202411081344/tools/bin/../lib/gcc/arm-none-eabi/13.3.1/thumb/v7e-m+fp/hard/crti.o
                0x08007fd4                _fini
 .fini          0x08007fd8        0x8 D:/STMicroelectronics/STM32CubeIDE_1.18.0/STM32CubeIDE/plugins/com.st.stm32cube.ide.mcu.externaltools.gnu-tools-for-stm32.13.3.rel1.win32_1.0.0.202411081344/tools/bin/../lib/gcc/arm-none-eabi/13.3.1/thumb/v7e-m+fp/hard/crtn.o
                0x08007fe0                        . = ALIGN (0x4)
                0x08007fe0                        _etext = .

.vfp11_veneer   0x08007fe0        0x0
 .vfp11_veneer  0x08007fe0        0x0 linker stubs

.v4_bx          0x08007fe0        0x0
 .v4_bx         0x08007fe0        0x0 linker stubs

.iplt           0x08007fe0        0x0
 .iplt          0x08007fe0        0x0 D:/STMicroelectronics/STM32CubeIDE_1.18.0/STM32CubeIDE/plugins/com.st.stm32cube.ide.mcu.externaltools.gnu-tools-for-stm32.13.3.rel1.win32_1.0.0.202411081344/tools/bin/../lib/gcc/arm-none-eabi/13.3.1/thumb/v7e-m+fp/hard/crtbegin.o

.rodata         0x08007fe0      0x390
                0x08007fe0                        . = ALIGN (0x4)
 *(.rodata)
 .rodata        0x08007fe0       0x1b ./Core/Src/app_debug.o
 *fill*         0x08007ffb        0x1 
 .rodata        0x08007ffc       0x3b ./Drivers/STM32WBxx_HAL_Driver/Src/stm32wbxx_hal_cortex.o
 *fill*         0x08008037        0x1 
 .rodata        0x08008038       0x39 ./Drivers/STM32WBxx_HAL_Driver/Src/stm32wbxx_hal_gpio.o
 *fill*         0x08008071        0x3 
 .rodata        0x08008074       0x64 ./Drivers/STM32WBxx_HAL_Driver/Src/stm32wbxx_hal_rcc.o
 .rodata        0x080080d8       0x3b ./Drivers/STM32WBxx_HAL_Driver/Src/stm32wbxx_hal_rcc_ex.o
 *fill*         0x08008113        0x1 
 .rodata        0x08008114       0x38 ./Drivers/STM32WBxx_HAL_Driver/Src/stm32wbxx_hal_rtc.o
 .rodata        0x0800814c       0x44 ./STM32_WPAN/App/app_ble.o
 *(.rodata*)
 .rodata.aGpioConfigList
                0x08008190      0x130 ./Core/Src/app_debug.o
 .rodata.AHBPrescTable
                0x080082c0       0x40 ./Core/Src/system_stm32wbxx.o
                0x080082c0                AHBPrescTable
 .rodata.MSIRangeTable
                0x08008300       0x40 ./Core/Src/system_stm32wbxx.o
                0x08008300                MSIRangeTable
 .rodata.a_MBdAddr
                0x08008340        0x6 ./STM32_WPAN/App/app_ble.o
 *fill*         0x08008346        0x2 
 .rodata.a_BLE_CfgIrValue
                0x08008348       0x10 ./STM32_WPAN/App/app_ble.o
 .rodata.a_BLE_CfgErValue
                0x08008358       0x10 ./STM32_WPAN/App/app_ble.o
 .rodata.a_LocalName
                0x08008368        0x8 ./STM32_WPAN/App/app_ble.o
                0x08008370                        . = ALIGN (0x4)

.ARM.extab
 *(.ARM.extab* .gnu.linkonce.armextab.*)

.ARM            0x08008370        0x8
                0x08008370                        __exidx_start = .
 *(.ARM.exidx*)
 .ARM.exidx     0x08008370        0x8 D:/STMicroelectronics/STM32CubeIDE_1.18.0/STM32CubeIDE/plugins/com.st.stm32cube.ide.mcu.externaltools.gnu-tools-for-stm32.13.3.rel1.win32_1.0.0.202411081344/tools/bin/../lib/gcc/arm-none-eabi/13.3.1/../../../../arm-none-eabi/lib/thumb/v7e-m+fp/hard\libc_nano.a(libc_a-strlen.o)
                0x08008378                        __exidx_end = .

.preinit_array  0x08008378        0x0
                0x08008378                        PROVIDE (__preinit_array_start = .)
 *(.preinit_array*)
                0x08008378                        PROVIDE (__preinit_array_end = .)

.init_array     0x08008378        0x4
                0x08008378                        PROVIDE (__init_array_start = .)
 *(SORT_BY_NAME(.init_array.*))
 *(.init_array*)
 .init_array    0x08008378        0x4 D:/STMicroelectronics/STM32CubeIDE_1.18.0/STM32CubeIDE/plugins/com.st.stm32cube.ide.mcu.externaltools.gnu-tools-for-stm32.13.3.rel1.win32_1.0.0.202411081344/tools/bin/../lib/gcc/arm-none-eabi/13.3.1/thumb/v7e-m+fp/hard/crtbegin.o
                0x0800837c                        PROVIDE (__init_array_end = .)

.fini_array     0x0800837c        0x4
                [!provide]                        PROVIDE (__fini_array_start = .)
 *(SORT_BY_NAME(.fini_array.*))
 *(.fini_array*)
 .fini_array    0x0800837c        0x4 D:/STMicroelectronics/STM32CubeIDE_1.18.0/STM32CubeIDE/plugins/com.st.stm32cube.ide.mcu.externaltools.gnu-tools-for-stm32.13.3.rel1.win32_1.0.0.202411081344/tools/bin/../lib/gcc/arm-none-eabi/13.3.1/thumb/v7e-m+fp/hard/crtbegin.o
                [!provide]                        PROVIDE (__fini_array_end = .)
                0x08008380                        _sidata = LOADADDR (.data)

.rel.dyn        0x08008380        0x0
 .rel.iplt      0x08008380        0x0 D:/STMicroelectronics/STM32CubeIDE_1.18.0/STM32CubeIDE/plugins/com.st.stm32cube.ide.mcu.externaltools.gnu-tools-for-stm32.13.3.rel1.win32_1.0.0.202411081344/tools/bin/../lib/gcc/arm-none-eabi/13.3.1/thumb/v7e-m+fp/hard/crtbegin.o

.data           0x20000008       0x24 load address 0x08008380
                0x20000008                        . = ALIGN (0x4)
                0x20000008                        _sdata = .
 *(.data)
 *(.data*)
 .data.SystemCoreClock
                0x20000008        0x4 ./Core/Src/system_stm32wbxx.o
                0x20000008                SystemCoreClock
 .data.uwTickPrio
                0x2000000c        0x4 ./Drivers/STM32WBxx_HAL_Driver/Src/stm32wbxx_hal.o
                0x2000000c                uwTickPrio
 .data.uwTickFreq
                0x20000010        0x1 ./Drivers/STM32WBxx_HAL_Driver/Src/stm32wbxx_hal.o
                0x20000010                uwTickFreq
 *fill*         0x20000011        0x3 
 .data.a_ManufData
                0x20000014        0xe ./STM32_WPAN/App/app_ble.o
                0x20000014                a_ManufData
 *fill*         0x20000022        0x2 
 .data.TaskMask
                0x20000024        0x4 ./Utilities/sequencer/stm32_seq.o
 .data.SuperMask
                0x20000028        0x4 ./Utilities/sequencer/stm32_seq.o
 *(.RamFunc)
 *(.RamFunc*)
                0x2000002c                        . = ALIGN (0x4)
                0x2000002c                        _edata = .

.igot.plt       0x2000002c        0x0 load address 0x080083a4
 .igot.plt      0x2000002c        0x0 D:/STMicroelectronics/STM32CubeIDE_1.18.0/STM32CubeIDE/plugins/com.st.stm32cube.ide.mcu.externaltools.gnu-tools-for-stm32.13.3.rel1.win32_1.0.0.202411081344/tools/bin/../lib/gcc/arm-none-eabi/13.3.1/thumb/v7e-m+fp/hard/crtbegin.o

BLE_DRIVER_CONTEXT
                0x2000002c       0x3d load address 0x080083a4
 BLE_DRIVER_CONTEXT
                0x2000002c        0x6 ./Middlewares/ST/STM32_WPAN/ble/svc/Src/p2p_stm.o
 *fill*         0x20000032        0x2 
 BLE_DRIVER_CONTEXT
                0x20000034       0x21 ./Middlewares/ST/STM32_WPAN/ble/svc/Src/svc_ctl.o
                0x20000034                SVCCTL_EvtHandler
                0x20000054                SVCCTL_CltHandler
 *fill*         0x20000055        0x3 
 BLE_DRIVER_CONTEXT
                0x20000058       0x11 ./Middlewares/ST/STM32_WPAN/interface/patterns/ble_thread/tl/hci_tl.o
                0x20000068                UserEventFlow

SYSTEM_DRIVER_CONTEXT
                0x2000006c       0x11 load address 0x080083e1
 SYSTEM_DRIVER_CONTEXT
                0x2000006c       0x11 ./Middlewares/ST/STM32_WPAN/interface/patterns/ble_thread/tl/shci_tl.o
                0x2000007c                SHCI_TL_UserEventFlow
                0x20000080                        . = ALIGN (0x4)

.bss            0x20000080      0x290 load address 0x080083f2
                0x20000080                        _sbss = .
                0x20000080                        __bss_start__ = _sbss
 *(.bss)
 .bss           0x20000080       0x1c D:/STMicroelectronics/STM32CubeIDE_1.18.0/STM32CubeIDE/plugins/com.st.stm32cube.ide.mcu.externaltools.gnu-tools-for-stm32.13.3.rel1.win32_1.0.0.202411081344/tools/bin/../lib/gcc/arm-none-eabi/13.3.1/thumb/v7e-m+fp/hard/crtbegin.o
 *(.bss*)
 .bss.aTimerContext
                0x2000009c       0x90 ./Core/Src/hw_timerserver.o
 .bss.CurrentRunningTimerID
                0x2000012c        0x1 ./Core/Src/hw_timerserver.o
 .bss.PreviousRunningTimerID
                0x2000012d        0x1 ./Core/Src/hw_timerserver.o
 *fill*         0x2000012e        0x2 
 .bss.SSRValueOnLastSetup
                0x20000130        0x4 ./Core/Src/hw_timerserver.o
 .bss.WakeupTimerLimitation
                0x20000134        0x1 ./Core/Src/hw_timerserver.o
 .bss.WakeupTimerDivider
                0x20000135        0x1 ./Core/Src/hw_timerserver.o
 .bss.AsynchPrescalerUserConfig
                0x20000136        0x1 ./Core/Src/hw_timerserver.o
 *fill*         0x20000137        0x1 
 .bss.SynchPrescalerUserConfig
                0x20000138        0x2 ./Core/Src/hw_timerserver.o
 .bss.MaxWakeupTimerSetup
                0x2000013a        0x2 ./Core/Src/hw_timerserver.o
 .bss.hrtc      0x2000013c       0x24 ./Core/Src/rtc.o
                0x2000013c                hrtc
 .bss.uwTick    0x20000160        0x4 ./Drivers/STM32WBxx_HAL_Driver/Src/stm32wbxx_hal.o
                0x20000160                uwTick
 .bss.hciContext
                0x20000164       0x20 ./Middlewares/ST/STM32_WPAN/interface/patterns/ble_thread/tl/hci_tl.o
 .bss.HciCmdEventQueue
                0x20000184        0x8 ./Middlewares/ST/STM32_WPAN/interface/patterns/ble_thread/tl/hci_tl.o
 .bss.StatusNotCallBackFunction
                0x2000018c        0x4 ./Middlewares/ST/STM32_WPAN/interface/patterns/ble_thread/tl/hci_tl.o
 .bss.CmdRspStatusFlag
                0x20000190        0x1 ./Middlewares/ST/STM32_WPAN/interface/patterns/ble_thread/tl/hci_tl.o
 *fill*         0x20000191        0x3 
 .bss.shciContext
                0x20000194       0x20 ./Middlewares/ST/STM32_WPAN/interface/patterns/ble_thread/tl/shci_tl.o
 .bss.StatusNotCallBackFunction
                0x200001b4        0x4 ./Middlewares/ST/STM32_WPAN/interface/patterns/ble_thread/tl/shci_tl.o
 .bss.CmdRspStatusFlag
                0x200001b8        0x1 ./Middlewares/ST/STM32_WPAN/interface/patterns/ble_thread/tl/shci_tl.o
 *fill*         0x200001b9        0x3 
 .bss.LocalFreeBufQueue
                0x200001bc        0x8 ./Middlewares/ST/STM32_WPAN/interface/patterns/ble_thread/tl/tl_mbox.o
 .bss.BLE_IoBusEvtCallBackFunction
                0x200001c4        0x4 ./Middlewares/ST/STM32_WPAN/interface/patterns/ble_thread/tl/tl_mbox.o
 .bss.BLE_IoBusAclDataTxAck
                0x200001c8        0x4 ./Middlewares/ST/STM32_WPAN/interface/patterns/ble_thread/tl/tl_mbox.o
 .bss.SYS_CMD_IoBusCallBackFunction
                0x200001cc        0x4 ./Middlewares/ST/STM32_WPAN/interface/patterns/ble_thread/tl/tl_mbox.o
 .bss.SYS_EVT_IoBusCallBackFunction
                0x200001d0        0x4 ./Middlewares/ST/STM32_WPAN/interface/patterns/ble_thread/tl/tl_mbox.o
 .bss.p_mem_manager_table.0
                0x200001d4        0x4 ./Middlewares/ST/STM32_WPAN/interface/patterns/ble_thread/tl/tl_mbox.o
 .bss.a_BdAddrUdn
                0x200001d8        0x6 ./STM32_WPAN/App/app_ble.o
 *fill*         0x200001de        0x2 
 .bss.BleApplicationContext
                0x200001e0       0x84 ./STM32_WPAN/App/app_ble.o
 .bss.AdvIntervalMin
                0x20000264        0x2 ./STM32_WPAN/App/app_ble.o
 .bss.AdvIntervalMax
                0x20000266        0x2 ./STM32_WPAN/App/app_ble.o
 .bss.HandleNotification
                0x20000268        0x4 ./STM32_WPAN/App/app_ble.o
                0x20000268                HandleNotification
 .bss.FreeBufCb
                0x2000026c        0x4 ./STM32_WPAN/Target/hw_ipcc.o
 .bss.StopModeDisable
                0x20000270        0x4 ./Utilities/lpm/tiny_lpm/stm32_lpm.o
 .bss.OffModeDisable
                0x20000274        0x4 ./Utilities/lpm/tiny_lpm/stm32_lpm.o
 .bss.TaskSet   0x20000278        0x4 ./Utilities/sequencer/stm32_seq.o
 .bss.EvtSet    0x2000027c        0x4 ./Utilities/sequencer/stm32_seq.o
 .bss.EvtWaited
                0x20000280        0x4 ./Utilities/sequencer/stm32_seq.o
 .bss.CurrentTaskIdx
                0x20000284        0x4 ./Utilities/sequencer/stm32_seq.o
 .bss.TaskCb    0x20000288       0x80 ./Utilities/sequencer/stm32_seq.o
 .bss.TaskPrio  0x20000308        0x8 ./Utilities/sequencer/stm32_seq.o
 *(COMMON)
                0x20000310                        . = ALIGN (0x4)
                0x20000310                        _ebss = .
                0x20000310                        __bss_end__ = _ebss

._user_heap_stack
                0x20000310      0x600 load address 0x080083f2
                0x20000310                        . = ALIGN (0x8)
                [!provide]                        PROVIDE (end = .)
                0x20000310                        PROVIDE (_end = .)
                0x20000510                        . = (. + _Min_Heap_Size)
 *fill*         0x20000310      0x200 
                0x20000910                        . = (. + _Min_Stack_Size)
 *fill*         0x20000510      0x400 
                0x20000910                        . = ALIGN (0x8)

/DISCARD/
 libc.a(*)
 libm.a(*)
 libgcc.a(*)

.ARM.attributes
                0x00000000       0x30
 *(.ARM.attributes)
 .ARM.attributes
                0x00000000       0x22 D:/STMicroelectronics/STM32CubeIDE_1.18.0/STM32CubeIDE/plugins/com.st.stm32cube.ide.mcu.externaltools.gnu-tools-for-stm32.13.3.rel1.win32_1.0.0.202411081344/tools/bin/../lib/gcc/arm-none-eabi/13.3.1/thumb/v7e-m+fp/hard/crti.o
 .ARM.attributes
                0x00000022       0x34 D:/STMicroelectronics/STM32CubeIDE_1.18.0/STM32CubeIDE/plugins/com.st.stm32cube.ide.mcu.externaltools.gnu-tools-for-stm32.13.3.rel1.win32_1.0.0.202411081344/tools/bin/../lib/gcc/arm-none-eabi/13.3.1/thumb/v7e-m+fp/hard/crtbegin.o
 .ARM.attributes
                0x00000056       0x34 ./Core/Src/app_debug.o
 .ARM.attributes
                0x0000008a       0x34 ./Core/Src/app_entry.o
 .ARM.attributes
                0x000000be       0x34 ./Core/Src/gpio.o
 .ARM.attributes
                0x000000f2       0x34 ./Core/Src/hw_timerserver.o
 .ARM.attributes
                0x00000126       0x34 ./Core/Src/main.o
 .ARM.attributes
                0x0000015a       0x34 ./Core/Src/rf.o
 .ARM.attributes
                0x0000018e       0x34 ./Core/Src/rtc.o
 .ARM.attributes
                0x000001c2       0x34 ./Core/Src/stm32wbxx_hal_msp.o
 .ARM.attributes
                0x000001f6       0x34 ./Core/Src/stm32wbxx_it.o
 .ARM.attributes
                0x0000022a       0x34 ./Core/Src/system_stm32wbxx.o
 .ARM.attributes
                0x0000025e       0x21 ./Core/Startup/startup_stm32wb5mmghx.o
 .ARM.attributes
                0x0000027f       0x34 ./Drivers/STM32WBxx_HAL_Driver/Src/stm32wbxx_hal.o
 .ARM.attributes
                0x000002b3       0x34 ./Drivers/STM32WBxx_HAL_Driver/Src/stm32wbxx_hal_cortex.o
 .ARM.attributes
                0x000002e7       0x34 ./Drivers/STM32WBxx_HAL_Driver/Src/stm32wbxx_hal_gpio.o
 .ARM.attributes
                0x0000031b       0x34 ./Drivers/STM32WBxx_HAL_Driver/Src/stm32wbxx_hal_hsem.o
 .ARM.attributes
                0x0000034f       0x34 ./Drivers/STM32WBxx_HAL_Driver/Src/stm32wbxx_hal_pwr.o
 .ARM.attributes
                0x00000383       0x34 ./Drivers/STM32WBxx_HAL_Driver/Src/stm32wbxx_hal_pwr_ex.o
 .ARM.attributes
                0x000003b7       0x34 ./Drivers/STM32WBxx_HAL_Driver/Src/stm32wbxx_hal_rcc.o
 .ARM.attributes
                0x000003eb       0x34 ./Drivers/STM32WBxx_HAL_Driver/Src/stm32wbxx_hal_rcc_ex.o
 .ARM.attributes
                0x0000041f       0x34 ./Drivers/STM32WBxx_HAL_Driver/Src/stm32wbxx_hal_rtc.o
 .ARM.attributes
                0x00000453       0x34 ./Middlewares/ST/STM32_WPAN/ble/core/auto/ble_gap_aci.o
 .ARM.attributes
                0x00000487       0x34 ./Middlewares/ST/STM32_WPAN/ble/core/auto/ble_gatt_aci.o
 .ARM.attributes
                0x000004bb       0x34 ./Middlewares/ST/STM32_WPAN/ble/core/auto/ble_hal_aci.o
 .ARM.attributes
                0x000004ef       0x34 ./Middlewares/ST/STM32_WPAN/ble/core/auto/ble_hci_le.o
 .ARM.attributes
                0x00000523       0x34 ./Middlewares/ST/STM32_WPAN/ble/core/template/osal.o
 .ARM.attributes
                0x00000557       0x34 ./Middlewares/ST/STM32_WPAN/ble/svc/Src/p2p_stm.o
 .ARM.attributes
                0x0000058b       0x34 ./Middlewares/ST/STM32_WPAN/ble/svc/Src/svc_ctl.o
 .ARM.attributes
                0x000005bf       0x34 ./Middlewares/ST/STM32_WPAN/interface/patterns/ble_thread/shci/shci.o
 .ARM.attributes
                0x000005f3       0x34 ./Middlewares/ST/STM32_WPAN/interface/patterns/ble_thread/tl/hci_tl.o
 .ARM.attributes
                0x00000627       0x34 ./Middlewares/ST/STM32_WPAN/interface/patterns/ble_thread/tl/hci_tl_if.o
 .ARM.attributes
                0x0000065b       0x34 ./Middlewares/ST/STM32_WPAN/interface/patterns/ble_thread/tl/shci_tl.o
 .ARM.attributes
                0x0000068f       0x34 ./Middlewares/ST/STM32_WPAN/interface/patterns/ble_thread/tl/shci_tl_if.o
 .ARM.attributes
                0x000006c3       0x34 ./Middlewares/ST/STM32_WPAN/interface/patterns/ble_thread/tl/tl_mbox.o
 .ARM.attributes
                0x000006f7       0x34 ./Middlewares/ST/STM32_WPAN/utilities/otp.o
 .ARM.attributes
                0x0000072b       0x34 ./Middlewares/ST/STM32_WPAN/utilities/stm_list.o
 .ARM.attributes
                0x0000075f       0x34 ./STM32_WPAN/App/app_ble.o
 .ARM.attributes
                0x00000793       0x34 ./STM32_WPAN/App/p2p_server_app.o
 .ARM.attributes
                0x000007c7       0x34 ./STM32_WPAN/Target/hw_ipcc.o
 .ARM.attributes
                0x000007fb       0x34 ./Utilities/lpm/tiny_lpm/stm32_lpm.o
 .ARM.attributes
                0x0000082f       0x34 ./Utilities/sequencer/stm32_seq.o
 .ARM.attributes
                0x00000863       0x34 D:/STMicroelectronics/STM32CubeIDE_1.18.0/STM32CubeIDE/plugins/com.st.stm32cube.ide.mcu.externaltools.gnu-tools-for-stm32.13.3.rel1.win32_1.0.0.202411081344/tools/bin/../lib/gcc/arm-none-eabi/13.3.1/../../../../arm-none-eabi/lib/thumb/v7e-m+fp/hard\libc_nano.a(libc_a-memset.o)
 .ARM.attributes
                0x00000897       0x34 D:/STMicroelectronics/STM32CubeIDE_1.18.0/STM32CubeIDE/plugins/com.st.stm32cube.ide.mcu.externaltools.gnu-tools-for-stm32.13.3.rel1.win32_1.0.0.202411081344/tools/bin/../lib/gcc/arm-none-eabi/13.3.1/../../../../arm-none-eabi/lib/thumb/v7e-m+fp/hard\libc_nano.a(libc_a-init.o)
 .ARM.attributes
                0x000008cb       0x34 D:/STMicroelectronics/STM32CubeIDE_1.18.0/STM32CubeIDE/plugins/com.st.stm32cube.ide.mcu.externaltools.gnu-tools-for-stm32.13.3.rel1.win32_1.0.0.202411081344/tools/bin/../lib/gcc/arm-none-eabi/13.3.1/../../../../arm-none-eabi/lib/thumb/v7e-m+fp/hard\libc_nano.a(libc_a-memcpy-stub.o)
 .ARM.attributes
                0x000008ff       0x17 D:/STMicroelectronics/STM32CubeIDE_1.18.0/STM32CubeIDE/plugins/com.st.stm32cube.ide.mcu.externaltools.gnu-tools-for-stm32.13.3.rel1.win32_1.0.0.202411081344/tools/bin/../lib/gcc/arm-none-eabi/13.3.1/../../../../arm-none-eabi/lib/thumb/v7e-m+fp/hard\libc_nano.a(libc_a-strlen.o)
 .ARM.attributes
                0x00000916       0x22 D:/STMicroelectronics/STM32CubeIDE_1.18.0/STM32CubeIDE/plugins/com.st.stm32cube.ide.mcu.externaltools.gnu-tools-for-stm32.13.3.rel1.win32_1.0.0.202411081344/tools/bin/../lib/gcc/arm-none-eabi/13.3.1/thumb/v7e-m+fp/hard/crtn.o

MAPPING_TABLE   0x20030000       0x28
 *(MAPPING_TABLE)
 MAPPING_TABLE  0x20030000       0x28 ./Middlewares/ST/STM32_WPAN/interface/patterns/ble_thread/tl/tl_mbox.o

MB_MEM1         0x20030028      0x1bb
 *(MB_MEM1)
 MB_MEM1        0x20030028       0xb0 ./Middlewares/ST/STM32_WPAN/interface/patterns/ble_thread/tl/tl_mbox.o
 MB_MEM1        0x200300d8      0x10b ./STM32_WPAN/App/app_ble.o
                0x080083f2                        _siMB_MEM2 = LOADADDR (.MB_MEM2)

.MB_MEM2        0x200301e4      0x883 load address 0x080083f2
                0x200301e4                        _sMB_MEM2 = .
 *(MB_MEM2)
 MB_MEM2        0x200301e4       0x12 ./Core/Src/app_debug.o
 *fill*         0x200301f6        0x2 
 MB_MEM2        0x200301f8      0x85e ./Core/Src/app_entry.o
 *fill*         0x20030a56        0x2 
 MB_MEM2        0x20030a58        0xf ./Middlewares/ST/STM32_WPAN/interface/patterns/ble_thread/tl/tl_mbox.o
                0x20030a67                        _eMB_MEM2 = .
OUTPUT(DronSTM.elf elf32-littlearm)
LOAD linker stubs
LOAD D:/STMicroelectronics/STM32CubeIDE_1.18.0/STM32CubeIDE/plugins/com.st.stm32cube.ide.mcu.externaltools.gnu-tools-for-stm32.13.3.rel1.win32_1.0.0.202411081344/tools/bin/../lib/gcc/arm-none-eabi/13.3.1/../../../../arm-none-eabi/lib/thumb/v7e-m+fp/hard\libc.a
LOAD D:/STMicroelectronics/STM32CubeIDE_1.18.0/STM32CubeIDE/plugins/com.st.stm32cube.ide.mcu.externaltools.gnu-tools-for-stm32.13.3.rel1.win32_1.0.0.202411081344/tools/bin/../lib/gcc/arm-none-eabi/13.3.1/../../../../arm-none-eabi/lib/thumb/v7e-m+fp/hard\libm.a
LOAD D:/STMicroelectronics/STM32CubeIDE_1.18.0/STM32CubeIDE/plugins/com.st.stm32cube.ide.mcu.externaltools.gnu-tools-for-stm32.13.3.rel1.win32_1.0.0.202411081344/tools/bin/../lib/gcc/arm-none-eabi/13.3.1/thumb/v7e-m+fp/hard\libgcc.a

.debug_info     0x00000000    0x221b0
 .debug_info    0x00000000      0xb56 ./Core/Src/app_debug.o
 .debug_info    0x00000b56     0x1bbb ./Core/Src/app_entry.o
 .debug_info    0x00002711      0x56e ./Core/Src/gpio.o
 .debug_info    0x00002c7f     0x11a8 ./Core/Src/hw_timerserver.o
 .debug_info    0x00003e27      0xbb1 ./Core/Src/main.o
 .debug_info    0x000049d8       0x91 ./Core/Src/rf.o
 .debug_info    0x00004a69      0xa1c ./Core/Src/rtc.o
 .debug_info    0x00005485      0x5e7 ./Core/Src/stm32wbxx_hal_msp.o
 .debug_info    0x00005a6c      0x178 ./Core/Src/stm32wbxx_it.o
 .debug_info    0x00005be4      0x703 ./Core/Src/system_stm32wbxx.o
 .debug_info    0x000062e7       0x30 ./Core/Startup/startup_stm32wb5mmghx.o
 .debug_info    0x00006317     0x12cf ./Drivers/STM32WBxx_HAL_Driver/Src/stm32wbxx_hal.o
 .debug_info    0x000075e6      0xd02 ./Drivers/STM32WBxx_HAL_Driver/Src/stm32wbxx_hal_cortex.o
 .debug_info    0x000082e8      0x6da ./Drivers/STM32WBxx_HAL_Driver/Src/stm32wbxx_hal_gpio.o
 .debug_info    0x000089c2      0x3f3 ./Drivers/STM32WBxx_HAL_Driver/Src/stm32wbxx_hal_hsem.o
 .debug_info    0x00008db5      0x924 ./Drivers/STM32WBxx_HAL_Driver/Src/stm32wbxx_hal_pwr.o
 .debug_info    0x000096d9     0x1075 ./Drivers/STM32WBxx_HAL_Driver/Src/stm32wbxx_hal_pwr_ex.o
 .debug_info    0x0000a74e     0x151c ./Drivers/STM32WBxx_HAL_Driver/Src/stm32wbxx_hal_rcc.o
 .debug_info    0x0000bc6a     0x1c5d ./Drivers/STM32WBxx_HAL_Driver/Src/stm32wbxx_hal_rcc_ex.o
 .debug_info    0x0000d8c7      0xd45 ./Drivers/STM32WBxx_HAL_Driver/Src/stm32wbxx_hal_rtc.o
 .debug_info    0x0000e60c     0x3836 ./Middlewares/ST/STM32_WPAN/ble/core/auto/ble_gap_aci.o
 .debug_info    0x00011e42     0x30a8 ./Middlewares/ST/STM32_WPAN/ble/core/auto/ble_gatt_aci.o
 .debug_info    0x00014eea      0xedd ./Middlewares/ST/STM32_WPAN/ble/core/auto/ble_hal_aci.o
 .debug_info    0x00015dc7     0x3e3e ./Middlewares/ST/STM32_WPAN/ble/core/auto/ble_hci_le.o
 .debug_info    0x00019c05      0x1b8 ./Middlewares/ST/STM32_WPAN/ble/core/template/osal.o
 .debug_info    0x00019dbd      0x597 ./Middlewares/ST/STM32_WPAN/ble/svc/Src/p2p_stm.o
 .debug_info    0x0001a354      0x482 ./Middlewares/ST/STM32_WPAN/ble/svc/Src/svc_ctl.o
 .debug_info    0x0001a7d6     0x19fb ./Middlewares/ST/STM32_WPAN/interface/patterns/ble_thread/shci/shci.o
 .debug_info    0x0001c1d1      0x972 ./Middlewares/ST/STM32_WPAN/interface/patterns/ble_thread/tl/hci_tl.o
 .debug_info    0x0001cb43      0x1e0 ./Middlewares/ST/STM32_WPAN/interface/patterns/ble_thread/tl/hci_tl_if.o
 .debug_info    0x0001cd23      0x7d8 ./Middlewares/ST/STM32_WPAN/interface/patterns/ble_thread/tl/shci_tl.o
 .debug_info    0x0001d4fb      0x1e0 ./Middlewares/ST/STM32_WPAN/interface/patterns/ble_thread/tl/shci_tl_if.o
 .debug_info    0x0001d6db      0xda4 ./Middlewares/ST/STM32_WPAN/interface/patterns/ble_thread/tl/tl_mbox.o
 .debug_info    0x0001e47f       0xd5 ./Middlewares/ST/STM32_WPAN/utilities/otp.o
 .debug_info    0x0001e554      0x6d5 ./Middlewares/ST/STM32_WPAN/utilities/stm_list.o
 .debug_info    0x0001ec29     0x1436 ./STM32_WPAN/App/app_ble.o
 .debug_info    0x0002005f      0x323 ./STM32_WPAN/App/p2p_server_app.o
 .debug_info    0x00020382     0x10bc ./STM32_WPAN/Target/hw_ipcc.o
 .debug_info    0x0002143e      0x3da ./Utilities/lpm/tiny_lpm/stm32_lpm.o
 .debug_info    0x00021818      0x998 ./Utilities/sequencer/stm32_seq.o

.debug_abbrev   0x00000000     0x503e
 .debug_abbrev  0x00000000      0x255 ./Core/Src/app_debug.o
 .debug_abbrev  0x00000255      0x3ac ./Core/Src/app_entry.o
 .debug_abbrev  0x00000601      0x198 ./Core/Src/gpio.o
 .debug_abbrev  0x00000799      0x33a ./Core/Src/hw_timerserver.o
 .debug_abbrev  0x00000ad3      0x254 ./Core/Src/main.o
 .debug_abbrev  0x00000d27       0x45 ./Core/Src/rf.o
 .debug_abbrev  0x00000d6c      0x21d ./Core/Src/rtc.o
 .debug_abbrev  0x00000f89      0x140 ./Core/Src/stm32wbxx_hal_msp.o
 .debug_abbrev  0x000010c9       0x88 ./Core/Src/stm32wbxx_it.o
 .debug_abbrev  0x00001151      0x13b ./Core/Src/system_stm32wbxx.o
 .debug_abbrev  0x0000128c       0x24 ./Core/Startup/startup_stm32wb5mmghx.o
 .debug_abbrev  0x000012b0      0x353 ./Drivers/STM32WBxx_HAL_Driver/Src/stm32wbxx_hal.o
 .debug_abbrev  0x00001603      0x335 ./Drivers/STM32WBxx_HAL_Driver/Src/stm32wbxx_hal_cortex.o
 .debug_abbrev  0x00001938      0x202 ./Drivers/STM32WBxx_HAL_Driver/Src/stm32wbxx_hal_gpio.o
 .debug_abbrev  0x00001b3a      0x226 ./Drivers/STM32WBxx_HAL_Driver/Src/stm32wbxx_hal_hsem.o
 .debug_abbrev  0x00001d60      0x1e7 ./Drivers/STM32WBxx_HAL_Driver/Src/stm32wbxx_hal_pwr.o
 .debug_abbrev  0x00001f47      0x338 ./Drivers/STM32WBxx_HAL_Driver/Src/stm32wbxx_hal_pwr_ex.o
 .debug_abbrev  0x0000227f      0x300 ./Drivers/STM32WBxx_HAL_Driver/Src/stm32wbxx_hal_rcc.o
 .debug_abbrev  0x0000257f      0x359 ./Drivers/STM32WBxx_HAL_Driver/Src/stm32wbxx_hal_rcc_ex.o
 .debug_abbrev  0x000028d8      0x1f0 ./Drivers/STM32WBxx_HAL_Driver/Src/stm32wbxx_hal_rtc.o
 .debug_abbrev  0x00002ac8      0x1c7 ./Middlewares/ST/STM32_WPAN/ble/core/auto/ble_gap_aci.o
 .debug_abbrev  0x00002c8f      0x205 ./Middlewares/ST/STM32_WPAN/ble/core/auto/ble_gatt_aci.o
 .debug_abbrev  0x00002e94      0x1de ./Middlewares/ST/STM32_WPAN/ble/core/auto/ble_hal_aci.o
 .debug_abbrev  0x00003072      0x1d1 ./Middlewares/ST/STM32_WPAN/ble/core/auto/ble_hci_le.o
 .debug_abbrev  0x00003243       0xcc ./Middlewares/ST/STM32_WPAN/ble/core/template/osal.o
 .debug_abbrev  0x0000330f      0x266 ./Middlewares/ST/STM32_WPAN/ble/svc/Src/p2p_stm.o
 .debug_abbrev  0x00003575      0x1c5 ./Middlewares/ST/STM32_WPAN/ble/svc/Src/svc_ctl.o
 .debug_abbrev  0x0000373a      0x1d7 ./Middlewares/ST/STM32_WPAN/interface/patterns/ble_thread/shci/shci.o
 .debug_abbrev  0x00003911      0x262 ./Middlewares/ST/STM32_WPAN/interface/patterns/ble_thread/tl/hci_tl.o
 .debug_abbrev  0x00003b73       0xce ./Middlewares/ST/STM32_WPAN/interface/patterns/ble_thread/tl/hci_tl_if.o
 .debug_abbrev  0x00003c41      0x202 ./Middlewares/ST/STM32_WPAN/interface/patterns/ble_thread/tl/shci_tl.o
 .debug_abbrev  0x00003e43       0xce ./Middlewares/ST/STM32_WPAN/interface/patterns/ble_thread/tl/shci_tl_if.o
 .debug_abbrev  0x00003f11      0x27a ./Middlewares/ST/STM32_WPAN/interface/patterns/ble_thread/tl/tl_mbox.o
 .debug_abbrev  0x0000418b       0x83 ./Middlewares/ST/STM32_WPAN/utilities/otp.o
 .debug_abbrev  0x0000420e      0x189 ./Middlewares/ST/STM32_WPAN/utilities/stm_list.o
 .debug_abbrev  0x00004397      0x35d ./STM32_WPAN/App/app_ble.o
 .debug_abbrev  0x000046f4      0x15f ./STM32_WPAN/App/p2p_server_app.o
 .debug_abbrev  0x00004853      0x385 ./STM32_WPAN/Target/hw_ipcc.o
 .debug_abbrev  0x00004bd8      0x1f4 ./Utilities/lpm/tiny_lpm/stm32_lpm.o
 .debug_abbrev  0x00004dcc      0x272 ./Utilities/sequencer/stm32_seq.o

.debug_aranges  0x00000000     0x20d8
 .debug_aranges
                0x00000000       0x50 ./Core/Src/app_debug.o
 .debug_aranges
                0x00000050      0x108 ./Core/Src/app_entry.o
 .debug_aranges
                0x00000158       0x28 ./Core/Src/gpio.o
 .debug_aranges
                0x00000180       0xa8 ./Core/Src/hw_timerserver.o
 .debug_aranges
                0x00000228       0x48 ./Core/Src/main.o
 .debug_aranges
                0x00000270       0x20 ./Core/Src/rf.o
 .debug_aranges
                0x00000290       0x50 ./Core/Src/rtc.o
 .debug_aranges
                0x000002e0       0x28 ./Core/Src/stm32wbxx_hal_msp.o
 .debug_aranges
                0x00000308       0x80 ./Core/Src/stm32wbxx_it.o
 .debug_aranges
                0x00000388       0x28 ./Core/Src/system_stm32wbxx.o
 .debug_aranges
                0x000003b0       0x30 ./Core/Startup/startup_stm32wb5mmghx.o
 .debug_aranges
                0x000003e0      0x280 ./Drivers/STM32WBxx_HAL_Driver/Src/stm32wbxx_hal.o
 .debug_aranges
                0x00000660      0x118 ./Drivers/STM32WBxx_HAL_Driver/Src/stm32wbxx_hal_cortex.o
 .debug_aranges
                0x00000778       0x60 ./Drivers/STM32WBxx_HAL_Driver/Src/stm32wbxx_hal_gpio.o
 .debug_aranges
                0x000007d8       0x70 ./Drivers/STM32WBxx_HAL_Driver/Src/stm32wbxx_hal_hsem.o
 .debug_aranges
                0x00000848       0xd0 ./Drivers/STM32WBxx_HAL_Driver/Src/stm32wbxx_hal_pwr.o
 .debug_aranges
                0x00000918      0x288 ./Drivers/STM32WBxx_HAL_Driver/Src/stm32wbxx_hal_pwr_ex.o
 .debug_aranges
                0x00000ba0      0x270 ./Drivers/STM32WBxx_HAL_Driver/Src/stm32wbxx_hal_rcc.o
 .debug_aranges
                0x00000e10      0x390 ./Drivers/STM32WBxx_HAL_Driver/Src/stm32wbxx_hal_rcc_ex.o
 .debug_aranges
                0x000011a0       0xe8 ./Drivers/STM32WBxx_HAL_Driver/Src/stm32wbxx_hal_rtc.o
 .debug_aranges
                0x00001288      0x1c8 ./Middlewares/ST/STM32_WPAN/ble/core/auto/ble_gap_aci.o
 .debug_aranges
                0x00001450      0x198 ./Middlewares/ST/STM32_WPAN/ble/core/auto/ble_gatt_aci.o
 .debug_aranges
                0x000015e8       0xc0 ./Middlewares/ST/STM32_WPAN/ble/core/auto/ble_hal_aci.o
 .debug_aranges
                0x000016a8      0x290 ./Middlewares/ST/STM32_WPAN/ble/core/auto/ble_hci_le.o
 .debug_aranges
                0x00001938       0x30 ./Middlewares/ST/STM32_WPAN/ble/core/template/osal.o
 .debug_aranges
                0x00001968       0x30 ./Middlewares/ST/STM32_WPAN/ble/svc/Src/p2p_stm.o
 .debug_aranges
                0x00001998       0xd0 ./Middlewares/ST/STM32_WPAN/ble/svc/Src/svc_ctl.o
 .debug_aranges
                0x00001a68      0x118 ./Middlewares/ST/STM32_WPAN/interface/patterns/ble_thread/shci/shci.o
 .debug_aranges
                0x00001b80       0x68 ./Middlewares/ST/STM32_WPAN/interface/patterns/ble_thread/tl/hci_tl.o
 .debug_aranges
                0x00001be8       0x20 ./Middlewares/ST/STM32_WPAN/interface/patterns/ble_thread/tl/hci_tl_if.o
 .debug_aranges
                0x00001c08       0x68 ./Middlewares/ST/STM32_WPAN/interface/patterns/ble_thread/tl/shci_tl.o
 .debug_aranges
                0x00001c70       0x20 ./Middlewares/ST/STM32_WPAN/interface/patterns/ble_thread/tl/shci_tl_if.o
 .debug_aranges
                0x00001c90       0xa8 ./Middlewares/ST/STM32_WPAN/interface/patterns/ble_thread/tl/tl_mbox.o
 .debug_aranges
                0x00001d38       0x20 ./Middlewares/ST/STM32_WPAN/utilities/otp.o
 .debug_aranges
                0x00001d58       0x78 ./Middlewares/ST/STM32_WPAN/utilities/stm_list.o
 .debug_aranges
                0x00001dd0       0xb0 ./STM32_WPAN/App/app_ble.o
 .debug_aranges
                0x00001e80       0x30 ./STM32_WPAN/App/p2p_server_app.o
 .debug_aranges
                0x00001eb0      0x138 ./STM32_WPAN/Target/hw_ipcc.o
 .debug_aranges
                0x00001fe8       0x48 ./Utilities/lpm/tiny_lpm/stm32_lpm.o
 .debug_aranges
                0x00002030       0xa8 ./Utilities/sequencer/stm32_seq.o

.debug_rnglists
                0x00000000     0x18d4
 .debug_rnglists
                0x00000000       0x38 ./Core/Src/app_debug.o
 .debug_rnglists
                0x00000038       0xc2 ./Core/Src/app_entry.o
 .debug_rnglists
                0x000000fa       0x19 ./Core/Src/gpio.o
 .debug_rnglists
                0x00000113       0x85 ./Core/Src/hw_timerserver.o
 .debug_rnglists
                0x00000198       0x32 ./Core/Src/main.o
 .debug_rnglists
                0x000001ca       0x13 ./Core/Src/rf.o
 .debug_rnglists
                0x000001dd       0x37 ./Core/Src/rtc.o
 .debug_rnglists
                0x00000214       0x19 ./Core/Src/stm32wbxx_hal_msp.o